Traceback (most recent call last):
  File "/var/www/vhosts/amc-f.com/httpdocs/amca-club/v1/backend/manage.py", line 18, in main
    from django.core.management import execute_from_command_line
ModuleNotFoundError: No module named 'django'

The above exception was the direct cause of the following exception:

Traceback (most recent call last):
  File "/var/www/vhosts/amc-f.com/httpdocs/amca-club/v1/backend/manage.py", line 29, in <module>
    main()
  File "/var/www/vhosts/amc-f.com/httpdocs/amca-club/v1/backend/manage.py", line 20, in main
    raise ImportError(
ImportError: Couldn't import Django. Are you sure it's installed and available on your PYTHONPATH environment variable? Did you forget to activate a virtual environment?
Traceback (most recent call last):
  File "/var/www/vhosts/amc-f.com/httpdocs/amca-club/v1/backend/manage.py", line 18, in main
    from django.core.management import execute_from_command_line
ModuleNotFoundError: No module named 'django'

The above exception was the direct cause of the following exception:

Traceback (most recent call last):
  File "/var/www/vhosts/amc-f.com/httpdocs/amca-club/v1/backend/manage.py", line 29, in <module>
    main()
  File "/var/www/vhosts/amc-f.com/httpdocs/amca-club/v1/backend/manage.py", line 20, in main
    raise ImportError(
ImportError: Couldn't import Django. Are you sure it's installed and available on your PYTHONPATH environment variable? Did you forget to activate a virtual environment?
Traceback (most recent call last):
  File "/var/www/vhosts/amc-f.com/httpdocs/amca-club/v1/backend/manage.py", line 18, in main
    from django.core.management import execute_from_command_line
ModuleNotFoundError: No module named 'django'

The above exception was the direct cause of the following exception:

Traceback (most recent call last):
  File "/var/www/vhosts/amc-f.com/httpdocs/amca-club/v1/backend/manage.py", line 29, in <module>
    main()
  File "/var/www/vhosts/amc-f.com/httpdocs/amca-club/v1/backend/manage.py", line 20, in main
    raise ImportError(
ImportError: Couldn't import Django. Are you sure it's installed and available on your PYTHONPATH environment variable? Did you forget to activate a virtual environment?
Traceback (most recent call last):
  File "/var/www/vhosts/amc-f.com/httpdocs/amca-club/v1/backend/manage.py", line 18, in main
    from django.core.management import execute_from_command_line
ModuleNotFoundError: No module named 'django'

The above exception was the direct cause of the following exception:

Traceback (most recent call last):
  File "/var/www/vhosts/amc-f.com/httpdocs/amca-club/v1/backend/manage.py", line 29, in <module>
    main()
  File "/var/www/vhosts/amc-f.com/httpdocs/amca-club/v1/backend/manage.py", line 20, in main
    raise ImportError(
ImportError: Couldn't import Django. Are you sure it's installed and available on your PYTHONPATH environment variable? Did you forget to activate a virtual environment?
Traceback (most recent call last):
  File "/var/www/vhosts/amc-f.com/httpdocs/amca-club/v1/backend/manage.py", line 18, in main
    from django.core.management import execute_from_command_line
ModuleNotFoundError: No module named 'django'

The above exception was the direct cause of the following exception:

Traceback (most recent call last):
  File "/var/www/vhosts/amc-f.com/httpdocs/amca-club/v1/backend/manage.py", line 29, in <module>
    main()
  File "/var/www/vhosts/amc-f.com/httpdocs/amca-club/v1/backend/manage.py", line 20, in main
    raise ImportError(
ImportError: Couldn't import Django. Are you sure it's installed and available on your PYTHONPATH environment variable? Did you forget to activate a virtual environment?
Traceback (most recent call last):
  File "/var/www/vhosts/amc-f.com/httpdocs/amca-club/v1/backend/manage.py", line 18, in main
    from django.core.management import execute_from_command_line
ModuleNotFoundError: No module named 'django'

The above exception was the direct cause of the following exception:

Traceback (most recent call last):
  File "/var/www/vhosts/amc-f.com/httpdocs/amca-club/v1/backend/manage.py", line 29, in <module>
    main()
  File "/var/www/vhosts/amc-f.com/httpdocs/amca-club/v1/backend/manage.py", line 20, in main
    raise ImportError(
ImportError: Couldn't import Django. Are you sure it's installed and available on your PYTHONPATH environment variable? Did you forget to activate a virtual environment?
Traceback (most recent call last):
  File "/var/www/vhosts/amc-f.com/httpdocs/amca-club/v1/backend/manage.py", line 18, in main
    from django.core.management import execute_from_command_line
ModuleNotFoundError: No module named 'django'

The above exception was the direct cause of the following exception:

Traceback (most recent call last):
  File "/var/www/vhosts/amc-f.com/httpdocs/amca-club/v1/backend/manage.py", line 29, in <module>
    main()
  File "/var/www/vhosts/amc-f.com/httpdocs/amca-club/v1/backend/manage.py", line 20, in main
    raise ImportError(
ImportError: Couldn't import Django. Are you sure it's installed and available on your PYTHONPATH environment variable? Did you forget to activate a virtual environment?
Traceback (most recent call last):
  File "/var/www/vhosts/amc-f.com/httpdocs/amca-club/v1/backend/manage.py", line 18, in main
    from django.core.management import execute_from_command_line
ModuleNotFoundError: No module named 'django'

The above exception was the direct cause of the following exception:

Traceback (most recent call last):
  File "/var/www/vhosts/amc-f.com/httpdocs/amca-club/v1/backend/manage.py", line 29, in <module>
    main()
  File "/var/www/vhosts/amc-f.com/httpdocs/amca-club/v1/backend/manage.py", line 20, in main
    raise ImportError(
ImportError: Couldn't import Django. Are you sure it's installed and available on your PYTHONPATH environment variable? Did you forget to activate a virtual environment?
Watching for file changes with StatReloader
[17/Apr/2025 23:12:47] "GET / HTTP/1.1" 200 28829
[17/Apr/2025 23:12:47] "GET /static/img/Jerem.png HTTP/1.1" 200 167198
[17/Apr/2025 23:12:47] "GET /static/css/style.css HTTP/1.1" 200 15598
[17/Apr/2025 23:12:47] "GET /static/img/logo.png HTTP/1.1" 200 407054
[17/Apr/2025 23:12:47] "GET /static/img/autre.png HTTP/1.1" 200 6558
[17/Apr/2025 23:12:47] "GET /static/img/rasso.png HTTP/1.1" 200 7130
[17/Apr/2025 23:12:47] "GET /static/img/Eric.png HTTP/1.1" 200 171022
[17/Apr/2025 23:12:48] "GET /static/img/favicon.ico HTTP/1.1" 200 226046
[17/Apr/2025 23:13:03] "GET / HTTP/1.1" 200 28829
[17/Apr/2025 23:13:03] "GET /static/img/logo.png HTTP/1.1" 200 407054
[17/Apr/2025 23:13:03] "GET /static/img/Jerem.png HTTP/1.1" 200 167198
[17/Apr/2025 23:13:03] "GET /static/img/autre.png HTTP/1.1" 200 6558
[17/Apr/2025 23:13:03] "GET /static/css/style.css HTTP/1.1" 200 15598
[17/Apr/2025 23:13:03] "GET /static/img/rasso.png HTTP/1.1" 200 7130
[17/Apr/2025 23:13:03] "GET /static/img/Eric.png HTTP/1.1" 200 171022
[17/Apr/2025 23:13:04] "GET /static/img/favicon.ico HTTP/1.1" 200 226046
[17/Apr/2025 23:13:09] "GET /about/ HTTP/1.1" 200 37531
[17/Apr/2025 23:14:06] "GET /admin HTTP/1.1" 301 0
[17/Apr/2025 23:14:06] "GET /admin/ HTTP/1.1" 302 0
[17/Apr/2025 23:14:06] "GET /admin/login/?next=/admin/ HTTP/1.1" 200 4259
[17/Apr/2025 23:14:06] "GET /static/admin/css/nav_sidebar.css HTTP/1.1" 200 2694
[17/Apr/2025 23:14:06] "GET /static/admin/css/base.css HTTP/1.1" 200 21207
[17/Apr/2025 23:14:06] "GET /static/admin/css/responsive.css HTTP/1.1" 200 18533
[17/Apr/2025 23:14:06] "GET /static/admin/css/login.css HTTP/1.1" 200 958
[17/Apr/2025 23:14:06] "GET /static/admin/js/nav_sidebar.js HTTP/1.1" 200 3063
[17/Apr/2025 23:14:06] "GET /static/admin/css/dark_mode.css HTTP/1.1" 200 2929
[17/Apr/2025 23:14:06] "GET /static/admin/js/theme.js HTTP/1.1" 200 1943
Not Found: /favicon.ico
[17/Apr/2025 23:14:06] "GET /favicon.ico HTTP/1.1" 404 3372
[17/Apr/2025 23:14:13] "GET /admin HTTP/1.1" 301 0
[17/Apr/2025 23:14:13] "GET /admin/ HTTP/1.1" 302 0
[17/Apr/2025 23:14:13] "GET /admin/ HTTP/1.1" 302 0
[17/Apr/2025 23:14:13] "GET /admin/login/?next=/admin/ HTTP/1.1" 200 4259
[17/Apr/2025 23:14:13] "GET /admin/login/?next=/admin/ HTTP/1.1" 200 4259
[17/Apr/2025 23:14:13] "GET /static/admin/css/base.css HTTP/1.1" 200 21207
[17/Apr/2025 23:14:14] "GET /static/admin/js/nav_sidebar.js HTTP/1.1" 200 3063
[17/Apr/2025 23:14:14] "GET /static/admin/css/nav_sidebar.css HTTP/1.1" 200 2694
[17/Apr/2025 23:14:14] "GET /static/admin/css/dark_mode.css HTTP/1.1" 200 2929
[17/Apr/2025 23:14:14] "GET /static/admin/css/responsive.css HTTP/1.1" 200 18533
[17/Apr/2025 23:14:14] "GET /static/admin/js/theme.js HTTP/1.1" 200 1943
[17/Apr/2025 23:14:14] "GET /static/admin/css/login.css HTTP/1.1" 200 958
[17/Apr/2025 23:14:14] "GET /static/admin/css/base.css HTTP/1.1" 200 21207
[17/Apr/2025 23:14:14] "GET /static/admin/css/login.css HTTP/1.1" 200 958
[17/Apr/2025 23:14:14] "GET /static/admin/css/nav_sidebar.css HTTP/1.1" 200 2694
[17/Apr/2025 23:14:14] "GET /static/admin/css/dark_mode.css HTTP/1.1" 200 2929
[17/Apr/2025 23:14:14] "GET /static/admin/css/responsive.css HTTP/1.1" 200 18533
[17/Apr/2025 23:14:14] "GET /static/admin/js/nav_sidebar.js HTTP/1.1" 200 3063
[17/Apr/2025 23:14:14] "GET /static/admin/js/theme.js HTTP/1.1" 200 1943
[17/Apr/2025 23:17:15] "GET / HTTP/1.1" 200 28829
[17/Apr/2025 23:17:15] "GET /static/css/style.css HTTP/1.1" 304 0
[17/Apr/2025 23:17:15] "GET /static/img/logo.png HTTP/1.1" 304 0
[17/Apr/2025 23:17:15] "GET /static/img/rasso.png HTTP/1.1" 304 0
[17/Apr/2025 23:17:15] "GET /static/img/Jerem.png HTTP/1.1" 304 0
[17/Apr/2025 23:17:15] "GET /static/img/Eric.png HTTP/1.1" 304 0
[17/Apr/2025 23:17:15] "GET /static/img/autre.png HTTP/1.1" 304 0
[17/Apr/2025 23:17:15] "GET /static/img/favicon.ico HTTP/1.1" 200 226046
[17/Apr/2025 23:18:12] "GET / HTTP/1.1" 200 28829
[17/Apr/2025 23:18:13] "GET /static/img/favicon.ico HTTP/1.1" 200 226046
[17/Apr/2025 23:19:44] "GET / HTTP/1.1" 200 28829
[17/Apr/2025 23:19:44] "GET /static/img/favicon.ico HTTP/1.1" 200 226046
[17/Apr/2025 23:19:58] "HEAD / HTTP/1.1" 200 0
[17/Apr/2025 23:20:13] "GET / HTTP/1.1" 200 28829
[17/Apr/2025 23:20:13] "GET /static/css/style.css HTTP/1.1" 304 0
[17/Apr/2025 23:20:13] "GET /static/img/Jerem.png HTTP/1.1" 304 0
[17/Apr/2025 23:20:13] "GET /static/img/logo.png HTTP/1.1" 304 0
[17/Apr/2025 23:20:13] "GET /static/img/Eric.png HTTP/1.1" 304 0
[17/Apr/2025 23:20:13] "GET /static/img/rasso.png HTTP/1.1" 304 0
[17/Apr/2025 23:20:13] "GET /static/img/autre.png HTTP/1.1" 304 0
[17/Apr/2025 23:20:16] "GET / HTTP/1.1" 200 28829
[17/Apr/2025 23:20:21] "GET / HTTP/1.1" 200 28829
[17/Apr/2025 23:20:21] "GET /static/css/style.css HTTP/1.1" 200 15598
[17/Apr/2025 23:20:21] "GET /static/img/logo.png HTTP/1.1" 200 407054
[17/Apr/2025 23:20:21] "GET /static/img/Jerem.png HTTP/1.1" 200 167198
[17/Apr/2025 23:20:21] "GET /static/img/autre.png HTTP/1.1" 200 6558
[17/Apr/2025 23:20:21] "GET /static/img/Eric.png HTTP/1.1" 200 171022
[17/Apr/2025 23:20:21] "GET /static/img/rasso.png HTTP/1.1" 200 7130
Not Found: /error_docs/forbidden.html
[17/Apr/2025 23:20:55] "GET /error_docs/forbidden.html HTTP/1.1" 404 3414
[17/Apr/2025 23:21:10] "GET / HTTP/1.1" 200 28829
[17/Apr/2025 23:21:25] "GET / HTTP/1.1" 200 28829
[17/Apr/2025 23:21:27] "GET / HTTP/1.1" 200 28829
[17/Apr/2025 23:21:27] "GET /static/css/style.css HTTP/1.1" 200 15598
[17/Apr/2025 23:21:27] "GET /static/img/autre.png HTTP/1.1" 200 6558
[17/Apr/2025 23:21:27] "GET /static/img/Eric.png HTTP/1.1" 200 171022
[17/Apr/2025 23:21:27] "GET /static/img/logo.png HTTP/1.1" 200 407054
[17/Apr/2025 23:21:27] "GET /static/img/Jerem.png HTTP/1.1" 200 167198
[17/Apr/2025 23:21:27] "GET /static/img/rasso.png HTTP/1.1" 200 7130
[17/Apr/2025 23:21:33] "GET / HTTP/1.1" 200 28829
[17/Apr/2025 23:21:34] "GET /static/css/style.css HTTP/1.1" 200 15598
[17/Apr/2025 23:21:34] "GET /static/img/rasso.png HTTP/1.1" 200 7130
[17/Apr/2025 23:21:34] "GET /static/img/autre.png HTTP/1.1" 200 6558
[17/Apr/2025 23:21:34] "GET /static/img/logo.png HTTP/1.1" 200 407054
[17/Apr/2025 23:21:34] "GET /static/img/Eric.png HTTP/1.1" 200 171022
[17/Apr/2025 23:21:34] "GET /static/img/Jerem.png HTTP/1.1" 200 167198
[17/Apr/2025 23:22:27] "GET / HTTP/1.1" 200 28829
[17/Apr/2025 23:23:13] "GET / HTTP/1.1" 200 28829
[17/Apr/2025 23:23:13] "GET /static/img/favicon.ico HTTP/1.1" 304 0
[17/Apr/2025 23:23:41] "GET / HTTP/1.1" 200 28829
[17/Apr/2025 23:23:41] "GET /static/css/style.css HTTP/1.1" 200 15598
[17/Apr/2025 23:23:41] "GET /static/img/logo.png HTTP/1.1" 200 407054
[17/Apr/2025 23:23:41] "GET /static/img/Jerem.png HTTP/1.1" 200 167198
[17/Apr/2025 23:23:41] "GET /static/img/rasso.png HTTP/1.1" 200 7130
[17/Apr/2025 23:23:41] "GET /static/img/autre.png HTTP/1.1" 200 6558
[17/Apr/2025 23:23:41] "GET /static/img/Eric.png HTTP/1.1" 200 171022
[17/Apr/2025 23:23:41] "GET /static/img/favicon.ico HTTP/1.1" 200 226046
[17/Apr/2025 23:23:56] "GET / HTTP/1.1" 200 28829
[17/Apr/2025 23:23:56] "GET / HTTP/1.1" 200 28829
[17/Apr/2025 23:23:56] "GET /static/css/style.css HTTP/1.1" 200 15598
[17/Apr/2025 23:23:56] "GET /static/img/Jerem.png HTTP/1.1" 200 167198
[17/Apr/2025 23:23:56] "GET /static/img/logo.png HTTP/1.1" 200 407054
[17/Apr/2025 23:23:56] "GET /static/img/Eric.png HTTP/1.1" 200 171022
[17/Apr/2025 23:23:56] "GET /static/img/autre.png HTTP/1.1" 200 6558
[17/Apr/2025 23:23:56] "GET /static/img/rasso.png HTTP/1.1" 200 7130
[17/Apr/2025 23:24:34] "GET / HTTP/1.1" 200 28829
[17/Apr/2025 23:24:34] "GET /static/css/style.css HTTP/1.1" 200 15598
[17/Apr/2025 23:24:34] "GET /static/img/autre.png HTTP/1.1" 200 6558
[17/Apr/2025 23:24:34] "GET /static/img/rasso.png HTTP/1.1" 200 7130
[17/Apr/2025 23:24:34] "GET /static/img/Eric.png HTTP/1.1" 200 171022
[17/Apr/2025 23:24:34] "GET /static/img/Jerem.png HTTP/1.1" 200 167198
[17/Apr/2025 23:24:34] "GET /static/img/logo.png HTTP/1.1" 200 407054
[17/Apr/2025 23:24:34] "GET /static/img/favicon.ico HTTP/1.1" 200 226046
[17/Apr/2025 23:24:36] "GET / HTTP/1.1" 200 28829
[17/Apr/2025 23:24:42] "GET / HTTP/1.1" 200 28829
[17/Apr/2025 23:24:42] "GET /static/img/Eric.png HTTP/1.1" 200 171022
[17/Apr/2025 23:24:42] "GET /static/css/style.css HTTP/1.1" 200 15598
[17/Apr/2025 23:24:42] "GET /static/img/logo.png HTTP/1.1" 200 407054
[17/Apr/2025 23:24:42] "GET /static/img/Jerem.png HTTP/1.1" 200 167198
[17/Apr/2025 23:24:42] "GET /static/img/autre.png HTTP/1.1" 200 6558
[17/Apr/2025 23:24:42] "GET /static/img/rasso.png HTTP/1.1" 200 7130
[17/Apr/2025 23:24:47] "GET /static/img/favicon.ico HTTP/1.1" 200 226046
[17/Apr/2025 23:24:55] "GET / HTTP/1.1" 200 28829
[17/Apr/2025 23:24:55] "GET /static/css/style.css HTTP/1.1" 200 15598
[17/Apr/2025 23:24:55] "GET /static/img/logo.png HTTP/1.1" 200 407054
[17/Apr/2025 23:24:55] "GET /static/img/autre.png HTTP/1.1" 200 6558
[17/Apr/2025 23:24:55] "GET /static/img/rasso.png HTTP/1.1" 200 7130
[17/Apr/2025 23:24:55] "GET /static/img/Jerem.png HTTP/1.1" 200 167198
[17/Apr/2025 23:24:55] "GET /static/img/Eric.png HTTP/1.1" 200 171022
[17/Apr/2025 23:25:00] "GET / HTTP/1.1" 200 28829
[17/Apr/2025 23:25:04] "GET /accounts/login/ HTTP/1.1" 200 25441
[17/Apr/2025 23:25:09] "GET /accounts/login/ HTTP/1.1" 200 25441
[17/Apr/2025 23:25:09] "GET /static/css/style.css HTTP/1.1" 200 15598
[17/Apr/2025 23:25:09] "GET /static/img/logo.png HTTP/1.1" 200 407054
Forbidden (Origin checking failed - https://amc-f.com does not match any trusted origins.): /accounts/login/
[17/Apr/2025 23:25:13] "POST /accounts/login/ HTTP/1.1" 403 2588
[17/Apr/2025 23:25:16] "GET /accounts/login/ HTTP/1.1" 200 25441
[17/Apr/2025 23:25:18] "GET /accounts/login/ HTTP/1.1" 200 25441
[17/Apr/2025 23:25:18] "GET / HTTP/1.1" 200 28829
Forbidden (Origin checking failed - https://amc-f.com does not match any trusted origins.): /accounts/login/
[17/Apr/2025 23:25:25] "POST /accounts/login/ HTTP/1.1" 403 2588
/var/www/vhosts/amc-f.com/httpdocs/amca-club/v1/backend/amca/settings.py changed, reloading.
Watching for file changes with StatReloader
[17/Apr/2025 23:27:08] "POST /accounts/login/ HTTP/1.1" 200 25441
[17/Apr/2025 23:27:15] "POST /accounts/login/ HTTP/1.1" 200 25441
[17/Apr/2025 23:27:21] "HEAD / HTTP/1.1" 200 0
Internal Server Error: /accounts/login/
Traceback (most recent call last):
  File "/var/www/vhosts/amc-f.com/httpdocs/amca-club/fresh_venv/lib/python3.12/site-packages/django/db/backends/utils.py", line 89, in _execute
    return self.cursor.execute(sql, params)
           ^^^^^^^^^^^^^^^^^^^^^^^^^^^^^^^^
  File "/var/www/vhosts/amc-f.com/httpdocs/amca-club/fresh_venv/lib/python3.12/site-packages/django/db/backends/sqlite3/base.py", line 328, in execute
    return super().execute(query, params)
           ^^^^^^^^^^^^^^^^^^^^^^^^^^^^^^
sqlite3.OperationalError: attempt to write a readonly database

The above exception was the direct cause of the following exception:

Traceback (most recent call last):
  File "/var/www/vhosts/amc-f.com/httpdocs/amca-club/fresh_venv/lib/python3.12/site-packages/django/core/handlers/exception.py", line 55, in inner
    response = get_response(request)
               ^^^^^^^^^^^^^^^^^^^^^
  File "/var/www/vhosts/amc-f.com/httpdocs/amca-club/fresh_venv/lib/python3.12/site-packages/django/core/handlers/base.py", line 197, in _get_response
    response = wrapped_callback(request, *callback_args, **callback_kwargs)
               ^^^^^^^^^^^^^^^^^^^^^^^^^^^^^^^^^^^^^^^^^^^^^^^^^^^^^^^^^^^^
  File "/var/www/vhosts/amc-f.com/httpdocs/amca-club/fresh_venv/lib/python3.12/site-packages/django/views/generic/base.py", line 104, in view
    return self.dispatch(request, *args, **kwargs)
           ^^^^^^^^^^^^^^^^^^^^^^^^^^^^^^^^^^^^^^^
  File "/var/www/vhosts/amc-f.com/httpdocs/amca-club/fresh_venv/lib/python3.12/site-packages/django/utils/decorators.py", line 46, in _wrapper
    return bound_method(*args, **kwargs)
           ^^^^^^^^^^^^^^^^^^^^^^^^^^^^^
  File "/var/www/vhosts/amc-f.com/httpdocs/amca-club/fresh_venv/lib/python3.12/site-packages/django/views/decorators/debug.py", line 92, in sensitive_post_parameters_wrapper
    return view(request, *args, **kwargs)
           ^^^^^^^^^^^^^^^^^^^^^^^^^^^^^^
  File "/var/www/vhosts/amc-f.com/httpdocs/amca-club/fresh_venv/lib/python3.12/site-packages/django/utils/decorators.py", line 46, in _wrapper
    return bound_method(*args, **kwargs)
           ^^^^^^^^^^^^^^^^^^^^^^^^^^^^^
  File "/var/www/vhosts/amc-f.com/httpdocs/amca-club/fresh_venv/lib/python3.12/site-packages/django/utils/decorators.py", line 134, in _wrapper_view
    response = view_func(request, *args, **kwargs)
               ^^^^^^^^^^^^^^^^^^^^^^^^^^^^^^^^^^^
  File "/var/www/vhosts/amc-f.com/httpdocs/amca-club/fresh_venv/lib/python3.12/site-packages/django/utils/decorators.py", line 46, in _wrapper
    return bound_method(*args, **kwargs)
           ^^^^^^^^^^^^^^^^^^^^^^^^^^^^^
  File "/var/www/vhosts/amc-f.com/httpdocs/amca-club/fresh_venv/lib/python3.12/site-packages/django/views/decorators/cache.py", line 62, in _wrapper_view_func
    response = view_func(request, *args, **kwargs)
               ^^^^^^^^^^^^^^^^^^^^^^^^^^^^^^^^^^^
  File "/var/www/vhosts/amc-f.com/httpdocs/amca-club/fresh_venv/lib/python3.12/site-packages/django/contrib/auth/views.py", line 90, in dispatch
    return super().dispatch(request, *args, **kwargs)
           ^^^^^^^^^^^^^^^^^^^^^^^^^^^^^^^^^^^^^^^^^^
  File "/var/www/vhosts/amc-f.com/httpdocs/amca-club/fresh_venv/lib/python3.12/site-packages/django/views/generic/base.py", line 143, in dispatch
    return handler(request, *args, **kwargs)
           ^^^^^^^^^^^^^^^^^^^^^^^^^^^^^^^^^
  File "/var/www/vhosts/amc-f.com/httpdocs/amca-club/fresh_venv/lib/python3.12/site-packages/django/views/generic/edit.py", line 153, in post
    return self.form_valid(form)
           ^^^^^^^^^^^^^^^^^^^^^
  File "/var/www/vhosts/amc-f.com/httpdocs/amca-club/fresh_venv/lib/python3.12/site-packages/django/contrib/auth/views.py", line 109, in form_valid
    auth_login(self.request, form.get_user())
  File "/var/www/vhosts/amc-f.com/httpdocs/amca-club/fresh_venv/lib/python3.12/site-packages/django/contrib/auth/__init__.py", line 118, in login
    request.session.cycle_key()
  File "/var/www/vhosts/amc-f.com/httpdocs/amca-club/fresh_venv/lib/python3.12/site-packages/django/contrib/sessions/backends/base.py", line 304, in cycle_key
    self.create()
  File "/var/www/vhosts/amc-f.com/httpdocs/amca-club/fresh_venv/lib/python3.12/site-packages/django/contrib/sessions/backends/db.py", line 54, in create
    self.save(must_create=True)
  File "/var/www/vhosts/amc-f.com/httpdocs/amca-club/fresh_venv/lib/python3.12/site-packages/django/contrib/sessions/backends/db.py", line 86, in save
    obj.save(
  File "/var/www/vhosts/amc-f.com/httpdocs/amca-club/fresh_venv/lib/python3.12/site-packages/django/db/models/base.py", line 814, in save
    self.save_base(
  File "/var/www/vhosts/amc-f.com/httpdocs/amca-club/fresh_venv/lib/python3.12/site-packages/django/db/models/base.py", line 877, in save_base
    updated = self._save_table(
              ^^^^^^^^^^^^^^^^^
  File "/var/www/vhosts/amc-f.com/httpdocs/amca-club/fresh_venv/lib/python3.12/site-packages/django/db/models/base.py", line 1020, in _save_table
    results = self._do_insert(
              ^^^^^^^^^^^^^^^^
  File "/var/www/vhosts/amc-f.com/httpdocs/amca-club/fresh_venv/lib/python3.12/site-packages/django/db/models/base.py", line 1061, in _do_insert
    return manager._insert(
           ^^^^^^^^^^^^^^^^
  File "/var/www/vhosts/amc-f.com/httpdocs/amca-club/fresh_venv/lib/python3.12/site-packages/django/db/models/manager.py", line 87, in manager_method
    return getattr(self.get_queryset(), name)(*args, **kwargs)
           ^^^^^^^^^^^^^^^^^^^^^^^^^^^^^^^^^^^^^^^^^^^^^^^^^^^
  File "/var/www/vhosts/amc-f.com/httpdocs/amca-club/fresh_venv/lib/python3.12/site-packages/django/db/models/query.py", line 1805, in _insert
    return query.get_compiler(using=using).execute_sql(returning_fields)
           ^^^^^^^^^^^^^^^^^^^^^^^^^^^^^^^^^^^^^^^^^^^^^^^^^^^^^^^^^^^^^
  File "/var/www/vhosts/amc-f.com/httpdocs/amca-club/fresh_venv/lib/python3.12/site-packages/django/db/models/sql/compiler.py", line 1822, in execute_sql
    cursor.execute(sql, params)
  File "/var/www/vhosts/amc-f.com/httpdocs/amca-club/fresh_venv/lib/python3.12/site-packages/django/db/backends/utils.py", line 102, in execute
    return super().execute(sql, params)
           ^^^^^^^^^^^^^^^^^^^^^^^^^^^^
  File "/var/www/vhosts/amc-f.com/httpdocs/amca-club/fresh_venv/lib/python3.12/site-packages/django/db/backends/utils.py", line 67, in execute
    return self._execute_with_wrappers(
           ^^^^^^^^^^^^^^^^^^^^^^^^^^^^
  File "/var/www/vhosts/amc-f.com/httpdocs/amca-club/fresh_venv/lib/python3.12/site-packages/django/db/backends/utils.py", line 80, in _execute_with_wrappers
    return executor(sql, params, many, context)
           ^^^^^^^^^^^^^^^^^^^^^^^^^^^^^^^^^^^^
  File "/var/www/vhosts/amc-f.com/httpdocs/amca-club/fresh_venv/lib/python3.12/site-packages/django/db/backends/utils.py", line 84, in _execute
    with self.db.wrap_database_errors:
  File "/var/www/vhosts/amc-f.com/httpdocs/amca-club/fresh_venv/lib/python3.12/site-packages/django/db/utils.py", line 91, in __exit__
    raise dj_exc_value.with_traceback(traceback) from exc_value
  File "/var/www/vhosts/amc-f.com/httpdocs/amca-club/fresh_venv/lib/python3.12/site-packages/django/db/backends/utils.py", line 89, in _execute
    return self.cursor.execute(sql, params)
           ^^^^^^^^^^^^^^^^^^^^^^^^^^^^^^^^
  File "/var/www/vhosts/amc-f.com/httpdocs/amca-club/fresh_venv/lib/python3.12/site-packages/django/db/backends/sqlite3/base.py", line 328, in execute
    return super().execute(query, params)
           ^^^^^^^^^^^^^^^^^^^^^^^^^^^^^^
django.db.utils.OperationalError: attempt to write a readonly database
[17/Apr/2025 23:27:22] "POST /accounts/login/ HTTP/1.1" 500 209465
Not Found: /robots.txt
[17/Apr/2025 23:27:49] "GET /robots.txt HTTP/1.1" 404 3369
