Traceback (most recent call last):
  File "/var/www/vhosts/amc-f.com/httpdocs/amca-club/v1/backend/manage.py", line 18, in main
    from django.core.management import execute_from_command_line
ModuleNotFoundError: No module named 'django'

The above exception was the direct cause of the following exception:

Traceback (most recent call last):
  File "/var/www/vhosts/amc-f.com/httpdocs/amca-club/v1/backend/manage.py", line 29, in <module>
    main()
  File "/var/www/vhosts/amc-f.com/httpdocs/amca-club/v1/backend/manage.py", line 20, in main
    raise ImportError(
ImportError: Couldn't import Django. Are you sure it's installed and available on your PYTHONPATH environment variable? Did you forget to activate a virtual environment?
Traceback (most recent call last):
  File "/var/www/vhosts/amc-f.com/httpdocs/amca-club/v1/backend/manage.py", line 18, in main
    from django.core.management import execute_from_command_line
ModuleNotFoundError: No module named 'django'

The above exception was the direct cause of the following exception:

Traceback (most recent call last):
  File "/var/www/vhosts/amc-f.com/httpdocs/amca-club/v1/backend/manage.py", line 29, in <module>
    main()
  File "/var/www/vhosts/amc-f.com/httpdocs/amca-club/v1/backend/manage.py", line 20, in main
    raise ImportError(
ImportError: Couldn't import Django. Are you sure it's installed and available on your PYTHONPATH environment variable? Did you forget to activate a virtual environment?
Traceback (most recent call last):
  File "/var/www/vhosts/amc-f.com/httpdocs/amca-club/v1/backend/manage.py", line 18, in main
    from django.core.management import execute_from_command_line
ModuleNotFoundError: No module named 'django'

The above exception was the direct cause of the following exception:

Traceback (most recent call last):
  File "/var/www/vhosts/amc-f.com/httpdocs/amca-club/v1/backend/manage.py", line 29, in <module>
    main()
  File "/var/www/vhosts/amc-f.com/httpdocs/amca-club/v1/backend/manage.py", line 20, in main
    raise ImportError(
ImportError: Couldn't import Django. Are you sure it's installed and available on your PYTHONPATH environment variable? Did you forget to activate a virtual environment?
Traceback (most recent call last):
  File "/var/www/vhosts/amc-f.com/httpdocs/amca-club/v1/backend/manage.py", line 18, in main
    from django.core.management import execute_from_command_line
ModuleNotFoundError: No module named 'django'

The above exception was the direct cause of the following exception:

Traceback (most recent call last):
  File "/var/www/vhosts/amc-f.com/httpdocs/amca-club/v1/backend/manage.py", line 29, in <module>
    main()
  File "/var/www/vhosts/amc-f.com/httpdocs/amca-club/v1/backend/manage.py", line 20, in main
    raise ImportError(
ImportError: Couldn't import Django. Are you sure it's installed and available on your PYTHONPATH environment variable? Did you forget to activate a virtual environment?
Traceback (most recent call last):
  File "/var/www/vhosts/amc-f.com/httpdocs/amca-club/v1/backend/manage.py", line 18, in main
    from django.core.management import execute_from_command_line
ModuleNotFoundError: No module named 'django'

The above exception was the direct cause of the following exception:

Traceback (most recent call last):
  File "/var/www/vhosts/amc-f.com/httpdocs/amca-club/v1/backend/manage.py", line 29, in <module>
    main()
  File "/var/www/vhosts/amc-f.com/httpdocs/amca-club/v1/backend/manage.py", line 20, in main
    raise ImportError(
ImportError: Couldn't import Django. Are you sure it's installed and available on your PYTHONPATH environment variable? Did you forget to activate a virtual environment?
Traceback (most recent call last):
  File "/var/www/vhosts/amc-f.com/httpdocs/amca-club/v1/backend/manage.py", line 18, in main
    from django.core.management import execute_from_command_line
ModuleNotFoundError: No module named 'django'

The above exception was the direct cause of the following exception:

Traceback (most recent call last):
  File "/var/www/vhosts/amc-f.com/httpdocs/amca-club/v1/backend/manage.py", line 29, in <module>
    main()
  File "/var/www/vhosts/amc-f.com/httpdocs/amca-club/v1/backend/manage.py", line 20, in main
    raise ImportError(
ImportError: Couldn't import Django. Are you sure it's installed and available on your PYTHONPATH environment variable? Did you forget to activate a virtual environment?
Traceback (most recent call last):
  File "/var/www/vhosts/amc-f.com/httpdocs/amca-club/v1/backend/manage.py", line 18, in main
    from django.core.management import execute_from_command_line
ModuleNotFoundError: No module named 'django'

The above exception was the direct cause of the following exception:

Traceback (most recent call last):
  File "/var/www/vhosts/amc-f.com/httpdocs/amca-club/v1/backend/manage.py", line 29, in <module>
    main()
  File "/var/www/vhosts/amc-f.com/httpdocs/amca-club/v1/backend/manage.py", line 20, in main
    raise ImportError(
ImportError: Couldn't import Django. Are you sure it's installed and available on your PYTHONPATH environment variable? Did you forget to activate a virtual environment?
Traceback (most recent call last):
  File "/var/www/vhosts/amc-f.com/httpdocs/amca-club/v1/backend/manage.py", line 18, in main
    from django.core.management import execute_from_command_line
ModuleNotFoundError: No module named 'django'

The above exception was the direct cause of the following exception:

Traceback (most recent call last):
  File "/var/www/vhosts/amc-f.com/httpdocs/amca-club/v1/backend/manage.py", line 29, in <module>
    main()
  File "/var/www/vhosts/amc-f.com/httpdocs/amca-club/v1/backend/manage.py", line 20, in main
    raise ImportError(
ImportError: Couldn't import Django. Are you sure it's installed and available on your PYTHONPATH environment variable? Did you forget to activate a virtual environment?
Watching for file changes with StatReloader
[17/Apr/2025 23:12:47] "GET / HTTP/1.1" 200 28829
[17/Apr/2025 23:12:47] "GET /static/img/Jerem.png HTTP/1.1" 200 167198
[17/Apr/2025 23:12:47] "GET /static/css/style.css HTTP/1.1" 200 15598
[17/Apr/2025 23:12:47] "GET /static/img/logo.png HTTP/1.1" 200 407054
[17/Apr/2025 23:12:47] "GET /static/img/autre.png HTTP/1.1" 200 6558
[17/Apr/2025 23:12:47] "GET /static/img/rasso.png HTTP/1.1" 200 7130
[17/Apr/2025 23:12:47] "GET /static/img/Eric.png HTTP/1.1" 200 171022
[17/Apr/2025 23:12:48] "GET /static/img/favicon.ico HTTP/1.1" 200 226046
[17/Apr/2025 23:13:03] "GET / HTTP/1.1" 200 28829
[17/Apr/2025 23:13:03] "GET /static/img/logo.png HTTP/1.1" 200 407054
[17/Apr/2025 23:13:03] "GET /static/img/Jerem.png HTTP/1.1" 200 167198
[17/Apr/2025 23:13:03] "GET /static/img/autre.png HTTP/1.1" 200 6558
[17/Apr/2025 23:13:03] "GET /static/css/style.css HTTP/1.1" 200 15598
[17/Apr/2025 23:13:03] "GET /static/img/rasso.png HTTP/1.1" 200 7130
[17/Apr/2025 23:13:03] "GET /static/img/Eric.png HTTP/1.1" 200 171022
[17/Apr/2025 23:13:04] "GET /static/img/favicon.ico HTTP/1.1" 200 226046
[17/Apr/2025 23:13:09] "GET /about/ HTTP/1.1" 200 37531
[17/Apr/2025 23:14:06] "GET /admin HTTP/1.1" 301 0
[17/Apr/2025 23:14:06] "GET /admin/ HTTP/1.1" 302 0
[17/Apr/2025 23:14:06] "GET /admin/login/?next=/admin/ HTTP/1.1" 200 4259
[17/Apr/2025 23:14:06] "GET /static/admin/css/nav_sidebar.css HTTP/1.1" 200 2694
[17/Apr/2025 23:14:06] "GET /static/admin/css/base.css HTTP/1.1" 200 21207
[17/Apr/2025 23:14:06] "GET /static/admin/css/responsive.css HTTP/1.1" 200 18533
[17/Apr/2025 23:14:06] "GET /static/admin/css/login.css HTTP/1.1" 200 958
[17/Apr/2025 23:14:06] "GET /static/admin/js/nav_sidebar.js HTTP/1.1" 200 3063
[17/Apr/2025 23:14:06] "GET /static/admin/css/dark_mode.css HTTP/1.1" 200 2929
[17/Apr/2025 23:14:06] "GET /static/admin/js/theme.js HTTP/1.1" 200 1943
Not Found: /favicon.ico
[17/Apr/2025 23:14:06] "GET /favicon.ico HTTP/1.1" 404 3372
[17/Apr/2025 23:14:13] "GET /admin HTTP/1.1" 301 0
[17/Apr/2025 23:14:13] "GET /admin/ HTTP/1.1" 302 0
[17/Apr/2025 23:14:13] "GET /admin/ HTTP/1.1" 302 0
[17/Apr/2025 23:14:13] "GET /admin/login/?next=/admin/ HTTP/1.1" 200 4259
[17/Apr/2025 23:14:13] "GET /admin/login/?next=/admin/ HTTP/1.1" 200 4259
[17/Apr/2025 23:14:13] "GET /static/admin/css/base.css HTTP/1.1" 200 21207
[17/Apr/2025 23:14:14] "GET /static/admin/js/nav_sidebar.js HTTP/1.1" 200 3063
[17/Apr/2025 23:14:14] "GET /static/admin/css/nav_sidebar.css HTTP/1.1" 200 2694
[17/Apr/2025 23:14:14] "GET /static/admin/css/dark_mode.css HTTP/1.1" 200 2929
[17/Apr/2025 23:14:14] "GET /static/admin/css/responsive.css HTTP/1.1" 200 18533
[17/Apr/2025 23:14:14] "GET /static/admin/js/theme.js HTTP/1.1" 200 1943
[17/Apr/2025 23:14:14] "GET /static/admin/css/login.css HTTP/1.1" 200 958
[17/Apr/2025 23:14:14] "GET /static/admin/css/base.css HTTP/1.1" 200 21207
[17/Apr/2025 23:14:14] "GET /static/admin/css/login.css HTTP/1.1" 200 958
[17/Apr/2025 23:14:14] "GET /static/admin/css/nav_sidebar.css HTTP/1.1" 200 2694
[17/Apr/2025 23:14:14] "GET /static/admin/css/dark_mode.css HTTP/1.1" 200 2929
[17/Apr/2025 23:14:14] "GET /static/admin/css/responsive.css HTTP/1.1" 200 18533
[17/Apr/2025 23:14:14] "GET /static/admin/js/nav_sidebar.js HTTP/1.1" 200 3063
[17/Apr/2025 23:14:14] "GET /static/admin/js/theme.js HTTP/1.1" 200 1943
[17/Apr/2025 23:17:15] "GET / HTTP/1.1" 200 28829
[17/Apr/2025 23:17:15] "GET /static/css/style.css HTTP/1.1" 304 0
[17/Apr/2025 23:17:15] "GET /static/img/logo.png HTTP/1.1" 304 0
[17/Apr/2025 23:17:15] "GET /static/img/rasso.png HTTP/1.1" 304 0
[17/Apr/2025 23:17:15] "GET /static/img/Jerem.png HTTP/1.1" 304 0
[17/Apr/2025 23:17:15] "GET /static/img/Eric.png HTTP/1.1" 304 0
[17/Apr/2025 23:17:15] "GET /static/img/autre.png HTTP/1.1" 304 0
[17/Apr/2025 23:17:15] "GET /static/img/favicon.ico HTTP/1.1" 200 226046
[17/Apr/2025 23:18:12] "GET / HTTP/1.1" 200 28829
[17/Apr/2025 23:18:13] "GET /static/img/favicon.ico HTTP/1.1" 200 226046
[17/Apr/2025 23:19:44] "GET / HTTP/1.1" 200 28829
[17/Apr/2025 23:19:44] "GET /static/img/favicon.ico HTTP/1.1" 200 226046
[17/Apr/2025 23:19:58] "HEAD / HTTP/1.1" 200 0
[17/Apr/2025 23:20:13] "GET / HTTP/1.1" 200 28829
[17/Apr/2025 23:20:13] "GET /static/css/style.css HTTP/1.1" 304 0
[17/Apr/2025 23:20:13] "GET /static/img/Jerem.png HTTP/1.1" 304 0
[17/Apr/2025 23:20:13] "GET /static/img/logo.png HTTP/1.1" 304 0
[17/Apr/2025 23:20:13] "GET /static/img/Eric.png HTTP/1.1" 304 0
[17/Apr/2025 23:20:13] "GET /static/img/rasso.png HTTP/1.1" 304 0
[17/Apr/2025 23:20:13] "GET /static/img/autre.png HTTP/1.1" 304 0
[17/Apr/2025 23:20:16] "GET / HTTP/1.1" 200 28829
[17/Apr/2025 23:20:21] "GET / HTTP/1.1" 200 28829
[17/Apr/2025 23:20:21] "GET /static/css/style.css HTTP/1.1" 200 15598
[17/Apr/2025 23:20:21] "GET /static/img/logo.png HTTP/1.1" 200 407054
[17/Apr/2025 23:20:21] "GET /static/img/Jerem.png HTTP/1.1" 200 167198
[17/Apr/2025 23:20:21] "GET /static/img/autre.png HTTP/1.1" 200 6558
[17/Apr/2025 23:20:21] "GET /static/img/Eric.png HTTP/1.1" 200 171022
[17/Apr/2025 23:20:21] "GET /static/img/rasso.png HTTP/1.1" 200 7130
Not Found: /error_docs/forbidden.html
[17/Apr/2025 23:20:55] "GET /error_docs/forbidden.html HTTP/1.1" 404 3414
[17/Apr/2025 23:21:10] "GET / HTTP/1.1" 200 28829
[17/Apr/2025 23:21:25] "GET / HTTP/1.1" 200 28829
[17/Apr/2025 23:21:27] "GET / HTTP/1.1" 200 28829
[17/Apr/2025 23:21:27] "GET /static/css/style.css HTTP/1.1" 200 15598
[17/Apr/2025 23:21:27] "GET /static/img/autre.png HTTP/1.1" 200 6558
[17/Apr/2025 23:21:27] "GET /static/img/Eric.png HTTP/1.1" 200 171022
[17/Apr/2025 23:21:27] "GET /static/img/logo.png HTTP/1.1" 200 407054
[17/Apr/2025 23:21:27] "GET /static/img/Jerem.png HTTP/1.1" 200 167198
[17/Apr/2025 23:21:27] "GET /static/img/rasso.png HTTP/1.1" 200 7130
[17/Apr/2025 23:21:33] "GET / HTTP/1.1" 200 28829
[17/Apr/2025 23:21:34] "GET /static/css/style.css HTTP/1.1" 200 15598
[17/Apr/2025 23:21:34] "GET /static/img/rasso.png HTTP/1.1" 200 7130
[17/Apr/2025 23:21:34] "GET /static/img/autre.png HTTP/1.1" 200 6558
[17/Apr/2025 23:21:34] "GET /static/img/logo.png HTTP/1.1" 200 407054
[17/Apr/2025 23:21:34] "GET /static/img/Eric.png HTTP/1.1" 200 171022
[17/Apr/2025 23:21:34] "GET /static/img/Jerem.png HTTP/1.1" 200 167198
[17/Apr/2025 23:22:27] "GET / HTTP/1.1" 200 28829
[17/Apr/2025 23:23:13] "GET / HTTP/1.1" 200 28829
[17/Apr/2025 23:23:13] "GET /static/img/favicon.ico HTTP/1.1" 304 0
[17/Apr/2025 23:23:41] "GET / HTTP/1.1" 200 28829
[17/Apr/2025 23:23:41] "GET /static/css/style.css HTTP/1.1" 200 15598
[17/Apr/2025 23:23:41] "GET /static/img/logo.png HTTP/1.1" 200 407054
[17/Apr/2025 23:23:41] "GET /static/img/Jerem.png HTTP/1.1" 200 167198
[17/Apr/2025 23:23:41] "GET /static/img/rasso.png HTTP/1.1" 200 7130
[17/Apr/2025 23:23:41] "GET /static/img/autre.png HTTP/1.1" 200 6558
[17/Apr/2025 23:23:41] "GET /static/img/Eric.png HTTP/1.1" 200 171022
[17/Apr/2025 23:23:41] "GET /static/img/favicon.ico HTTP/1.1" 200 226046
[17/Apr/2025 23:23:56] "GET / HTTP/1.1" 200 28829
[17/Apr/2025 23:23:56] "GET / HTTP/1.1" 200 28829
[17/Apr/2025 23:23:56] "GET /static/css/style.css HTTP/1.1" 200 15598
[17/Apr/2025 23:23:56] "GET /static/img/Jerem.png HTTP/1.1" 200 167198
[17/Apr/2025 23:23:56] "GET /static/img/logo.png HTTP/1.1" 200 407054
[17/Apr/2025 23:23:56] "GET /static/img/Eric.png HTTP/1.1" 200 171022
[17/Apr/2025 23:23:56] "GET /static/img/autre.png HTTP/1.1" 200 6558
[17/Apr/2025 23:23:56] "GET /static/img/rasso.png HTTP/1.1" 200 7130
[17/Apr/2025 23:24:34] "GET / HTTP/1.1" 200 28829
[17/Apr/2025 23:24:34] "GET /static/css/style.css HTTP/1.1" 200 15598
[17/Apr/2025 23:24:34] "GET /static/img/autre.png HTTP/1.1" 200 6558
[17/Apr/2025 23:24:34] "GET /static/img/rasso.png HTTP/1.1" 200 7130
[17/Apr/2025 23:24:34] "GET /static/img/Eric.png HTTP/1.1" 200 171022
[17/Apr/2025 23:24:34] "GET /static/img/Jerem.png HTTP/1.1" 200 167198
[17/Apr/2025 23:24:34] "GET /static/img/logo.png HTTP/1.1" 200 407054
[17/Apr/2025 23:24:34] "GET /static/img/favicon.ico HTTP/1.1" 200 226046
[17/Apr/2025 23:24:36] "GET / HTTP/1.1" 200 28829
[17/Apr/2025 23:24:42] "GET / HTTP/1.1" 200 28829
[17/Apr/2025 23:24:42] "GET /static/img/Eric.png HTTP/1.1" 200 171022
[17/Apr/2025 23:24:42] "GET /static/css/style.css HTTP/1.1" 200 15598
[17/Apr/2025 23:24:42] "GET /static/img/logo.png HTTP/1.1" 200 407054
[17/Apr/2025 23:24:42] "GET /static/img/Jerem.png HTTP/1.1" 200 167198
[17/Apr/2025 23:24:42] "GET /static/img/autre.png HTTP/1.1" 200 6558
[17/Apr/2025 23:24:42] "GET /static/img/rasso.png HTTP/1.1" 200 7130
[17/Apr/2025 23:24:47] "GET /static/img/favicon.ico HTTP/1.1" 200 226046
[17/Apr/2025 23:24:55] "GET / HTTP/1.1" 200 28829
[17/Apr/2025 23:24:55] "GET /static/css/style.css HTTP/1.1" 200 15598
[17/Apr/2025 23:24:55] "GET /static/img/logo.png HTTP/1.1" 200 407054
[17/Apr/2025 23:24:55] "GET /static/img/autre.png HTTP/1.1" 200 6558
[17/Apr/2025 23:24:55] "GET /static/img/rasso.png HTTP/1.1" 200 7130
[17/Apr/2025 23:24:55] "GET /static/img/Jerem.png HTTP/1.1" 200 167198
[17/Apr/2025 23:24:55] "GET /static/img/Eric.png HTTP/1.1" 200 171022
[17/Apr/2025 23:25:00] "GET / HTTP/1.1" 200 28829
[17/Apr/2025 23:25:04] "GET /accounts/login/ HTTP/1.1" 200 25441
[17/Apr/2025 23:25:09] "GET /accounts/login/ HTTP/1.1" 200 25441
[17/Apr/2025 23:25:09] "GET /static/css/style.css HTTP/1.1" 200 15598
[17/Apr/2025 23:25:09] "GET /static/img/logo.png HTTP/1.1" 200 407054
Forbidden (Origin checking failed - https://amc-f.com does not match any trusted origins.): /accounts/login/
[17/Apr/2025 23:25:13] "POST /accounts/login/ HTTP/1.1" 403 2588
[17/Apr/2025 23:25:16] "GET /accounts/login/ HTTP/1.1" 200 25441
[17/Apr/2025 23:25:18] "GET /accounts/login/ HTTP/1.1" 200 25441
[17/Apr/2025 23:25:18] "GET / HTTP/1.1" 200 28829
Forbidden (Origin checking failed - https://amc-f.com does not match any trusted origins.): /accounts/login/
[17/Apr/2025 23:25:25] "POST /accounts/login/ HTTP/1.1" 403 2588
/var/www/vhosts/amc-f.com/httpdocs/amca-club/v1/backend/amca/settings.py changed, reloading.
Watching for file changes with StatReloader
[17/Apr/2025 23:27:08] "POST /accounts/login/ HTTP/1.1" 200 25441
[17/Apr/2025 23:27:15] "POST /accounts/login/ HTTP/1.1" 200 25441
[17/Apr/2025 23:27:21] "HEAD / HTTP/1.1" 200 0
Internal Server Error: /accounts/login/
Traceback (most recent call last):
  File "/var/www/vhosts/amc-f.com/httpdocs/amca-club/fresh_venv/lib/python3.12/site-packages/django/db/backends/utils.py", line 89, in _execute
    return self.cursor.execute(sql, params)
           ^^^^^^^^^^^^^^^^^^^^^^^^^^^^^^^^
  File "/var/www/vhosts/amc-f.com/httpdocs/amca-club/fresh_venv/lib/python3.12/site-packages/django/db/backends/sqlite3/base.py", line 328, in execute
    return super().execute(query, params)
           ^^^^^^^^^^^^^^^^^^^^^^^^^^^^^^
sqlite3.OperationalError: attempt to write a readonly database

The above exception was the direct cause of the following exception:

Traceback (most recent call last):
  File "/var/www/vhosts/amc-f.com/httpdocs/amca-club/fresh_venv/lib/python3.12/site-packages/django/core/handlers/exception.py", line 55, in inner
    response = get_response(request)
               ^^^^^^^^^^^^^^^^^^^^^
  File "/var/www/vhosts/amc-f.com/httpdocs/amca-club/fresh_venv/lib/python3.12/site-packages/django/core/handlers/base.py", line 197, in _get_response
    response = wrapped_callback(request, *callback_args, **callback_kwargs)
               ^^^^^^^^^^^^^^^^^^^^^^^^^^^^^^^^^^^^^^^^^^^^^^^^^^^^^^^^^^^^
  File "/var/www/vhosts/amc-f.com/httpdocs/amca-club/fresh_venv/lib/python3.12/site-packages/django/views/generic/base.py", line 104, in view
    return self.dispatch(request, *args, **kwargs)
           ^^^^^^^^^^^^^^^^^^^^^^^^^^^^^^^^^^^^^^^
  File "/var/www/vhosts/amc-f.com/httpdocs/amca-club/fresh_venv/lib/python3.12/site-packages/django/utils/decorators.py", line 46, in _wrapper
    return bound_method(*args, **kwargs)
           ^^^^^^^^^^^^^^^^^^^^^^^^^^^^^
  File "/var/www/vhosts/amc-f.com/httpdocs/amca-club/fresh_venv/lib/python3.12/site-packages/django/views/decorators/debug.py", line 92, in sensitive_post_parameters_wrapper
    return view(request, *args, **kwargs)
           ^^^^^^^^^^^^^^^^^^^^^^^^^^^^^^
  File "/var/www/vhosts/amc-f.com/httpdocs/amca-club/fresh_venv/lib/python3.12/site-packages/django/utils/decorators.py", line 46, in _wrapper
    return bound_method(*args, **kwargs)
           ^^^^^^^^^^^^^^^^^^^^^^^^^^^^^
  File "/var/www/vhosts/amc-f.com/httpdocs/amca-club/fresh_venv/lib/python3.12/site-packages/django/utils/decorators.py", line 134, in _wrapper_view
    response = view_func(request, *args, **kwargs)
               ^^^^^^^^^^^^^^^^^^^^^^^^^^^^^^^^^^^
  File "/var/www/vhosts/amc-f.com/httpdocs/amca-club/fresh_venv/lib/python3.12/site-packages/django/utils/decorators.py", line 46, in _wrapper
    return bound_method(*args, **kwargs)
           ^^^^^^^^^^^^^^^^^^^^^^^^^^^^^
  File "/var/www/vhosts/amc-f.com/httpdocs/amca-club/fresh_venv/lib/python3.12/site-packages/django/views/decorators/cache.py", line 62, in _wrapper_view_func
    response = view_func(request, *args, **kwargs)
               ^^^^^^^^^^^^^^^^^^^^^^^^^^^^^^^^^^^
  File "/var/www/vhosts/amc-f.com/httpdocs/amca-club/fresh_venv/lib/python3.12/site-packages/django/contrib/auth/views.py", line 90, in dispatch
    return super().dispatch(request, *args, **kwargs)
           ^^^^^^^^^^^^^^^^^^^^^^^^^^^^^^^^^^^^^^^^^^
  File "/var/www/vhosts/amc-f.com/httpdocs/amca-club/fresh_venv/lib/python3.12/site-packages/django/views/generic/base.py", line 143, in dispatch
    return handler(request, *args, **kwargs)
           ^^^^^^^^^^^^^^^^^^^^^^^^^^^^^^^^^
  File "/var/www/vhosts/amc-f.com/httpdocs/amca-club/fresh_venv/lib/python3.12/site-packages/django/views/generic/edit.py", line 153, in post
    return self.form_valid(form)
           ^^^^^^^^^^^^^^^^^^^^^
  File "/var/www/vhosts/amc-f.com/httpdocs/amca-club/fresh_venv/lib/python3.12/site-packages/django/contrib/auth/views.py", line 109, in form_valid
    auth_login(self.request, form.get_user())
  File "/var/www/vhosts/amc-f.com/httpdocs/amca-club/fresh_venv/lib/python3.12/site-packages/django/contrib/auth/__init__.py", line 118, in login
    request.session.cycle_key()
  File "/var/www/vhosts/amc-f.com/httpdocs/amca-club/fresh_venv/lib/python3.12/site-packages/django/contrib/sessions/backends/base.py", line 304, in cycle_key
    self.create()
  File "/var/www/vhosts/amc-f.com/httpdocs/amca-club/fresh_venv/lib/python3.12/site-packages/django/contrib/sessions/backends/db.py", line 54, in create
    self.save(must_create=True)
  File "/var/www/vhosts/amc-f.com/httpdocs/amca-club/fresh_venv/lib/python3.12/site-packages/django/contrib/sessions/backends/db.py", line 86, in save
    obj.save(
  File "/var/www/vhosts/amc-f.com/httpdocs/amca-club/fresh_venv/lib/python3.12/site-packages/django/db/models/base.py", line 814, in save
    self.save_base(
  File "/var/www/vhosts/amc-f.com/httpdocs/amca-club/fresh_venv/lib/python3.12/site-packages/django/db/models/base.py", line 877, in save_base
    updated = self._save_table(
              ^^^^^^^^^^^^^^^^^
  File "/var/www/vhosts/amc-f.com/httpdocs/amca-club/fresh_venv/lib/python3.12/site-packages/django/db/models/base.py", line 1020, in _save_table
    results = self._do_insert(
              ^^^^^^^^^^^^^^^^
  File "/var/www/vhosts/amc-f.com/httpdocs/amca-club/fresh_venv/lib/python3.12/site-packages/django/db/models/base.py", line 1061, in _do_insert
    return manager._insert(
           ^^^^^^^^^^^^^^^^
  File "/var/www/vhosts/amc-f.com/httpdocs/amca-club/fresh_venv/lib/python3.12/site-packages/django/db/models/manager.py", line 87, in manager_method
    return getattr(self.get_queryset(), name)(*args, **kwargs)
           ^^^^^^^^^^^^^^^^^^^^^^^^^^^^^^^^^^^^^^^^^^^^^^^^^^^
  File "/var/www/vhosts/amc-f.com/httpdocs/amca-club/fresh_venv/lib/python3.12/site-packages/django/db/models/query.py", line 1805, in _insert
    return query.get_compiler(using=using).execute_sql(returning_fields)
           ^^^^^^^^^^^^^^^^^^^^^^^^^^^^^^^^^^^^^^^^^^^^^^^^^^^^^^^^^^^^^
  File "/var/www/vhosts/amc-f.com/httpdocs/amca-club/fresh_venv/lib/python3.12/site-packages/django/db/models/sql/compiler.py", line 1822, in execute_sql
    cursor.execute(sql, params)
  File "/var/www/vhosts/amc-f.com/httpdocs/amca-club/fresh_venv/lib/python3.12/site-packages/django/db/backends/utils.py", line 102, in execute
    return super().execute(sql, params)
           ^^^^^^^^^^^^^^^^^^^^^^^^^^^^
  File "/var/www/vhosts/amc-f.com/httpdocs/amca-club/fresh_venv/lib/python3.12/site-packages/django/db/backends/utils.py", line 67, in execute
    return self._execute_with_wrappers(
           ^^^^^^^^^^^^^^^^^^^^^^^^^^^^
  File "/var/www/vhosts/amc-f.com/httpdocs/amca-club/fresh_venv/lib/python3.12/site-packages/django/db/backends/utils.py", line 80, in _execute_with_wrappers
    return executor(sql, params, many, context)
           ^^^^^^^^^^^^^^^^^^^^^^^^^^^^^^^^^^^^
  File "/var/www/vhosts/amc-f.com/httpdocs/amca-club/fresh_venv/lib/python3.12/site-packages/django/db/backends/utils.py", line 84, in _execute
    with self.db.wrap_database_errors:
  File "/var/www/vhosts/amc-f.com/httpdocs/amca-club/fresh_venv/lib/python3.12/site-packages/django/db/utils.py", line 91, in __exit__
    raise dj_exc_value.with_traceback(traceback) from exc_value
  File "/var/www/vhosts/amc-f.com/httpdocs/amca-club/fresh_venv/lib/python3.12/site-packages/django/db/backends/utils.py", line 89, in _execute
    return self.cursor.execute(sql, params)
           ^^^^^^^^^^^^^^^^^^^^^^^^^^^^^^^^
  File "/var/www/vhosts/amc-f.com/httpdocs/amca-club/fresh_venv/lib/python3.12/site-packages/django/db/backends/sqlite3/base.py", line 328, in execute
    return super().execute(query, params)
           ^^^^^^^^^^^^^^^^^^^^^^^^^^^^^^
django.db.utils.OperationalError: attempt to write a readonly database
[17/Apr/2025 23:27:22] "POST /accounts/login/ HTTP/1.1" 500 209465
Not Found: /robots.txt
[17/Apr/2025 23:27:49] "GET /robots.txt HTTP/1.1" 404 3369
[17/Apr/2025 23:31:28] "POST /accounts/login/ HTTP/1.1" 200 25441
[17/Apr/2025 23:31:28] "GET /static/css/style.css HTTP/1.1" 304 0
[17/Apr/2025 23:31:28] "GET /static/img/logo.png HTTP/1.1" 304 0
[17/Apr/2025 23:31:35] "POST /accounts/login/ HTTP/1.1" 302 0
[17/Apr/2025 23:31:35] "GET / HTTP/1.1" 200 28829
[17/Apr/2025 23:31:35] "GET /static/img/Eric.png HTTP/1.1" 304 0
[17/Apr/2025 23:31:35] "GET /static/img/Jerem.png HTTP/1.1" 304 0
[17/Apr/2025 23:31:35] "GET /static/img/rasso.png HTTP/1.1" 304 0
[17/Apr/2025 23:31:35] "GET /static/img/autre.png HTTP/1.1" 304 0
[17/Apr/2025 23:31:39] "GET /accounts/members/ HTTP/1.1" 200 33756
[17/Apr/2025 23:31:39] "GET /media/profile_images/default.png HTTP/1.1" 200 21886
[17/Apr/2025 23:31:39] "GET /media/profile_images/20250412_182916.jpg HTTP/1.1" 200 2965868
[17/Apr/2025 23:31:51] "GET /admin HTTP/1.1" 301 0
[17/Apr/2025 23:31:51] "GET /admin/ HTTP/1.1" 200 11597
[17/Apr/2025 23:31:51] "GET /static/admin/css/base.css HTTP/1.1" 200 21207
[17/Apr/2025 23:31:51] "GET /static/admin/css/dark_mode.css HTTP/1.1" 200 2929
[17/Apr/2025 23:31:51] "GET /static/admin/css/responsive.css HTTP/1.1" 200 18533
[17/Apr/2025 23:31:51] "GET /static/admin/css/nav_sidebar.css HTTP/1.1" 200 2694
[17/Apr/2025 23:31:51] "GET /static/admin/css/dashboard.css HTTP/1.1" 200 441
[17/Apr/2025 23:31:51] "GET /static/admin/js/nav_sidebar.js HTTP/1.1" 200 3063
[17/Apr/2025 23:31:51] "GET /static/admin/js/theme.js HTTP/1.1" 200 1943
[17/Apr/2025 23:31:51] "GET /static/admin/img/icon-changelink.svg HTTP/1.1" 200 380
[17/Apr/2025 23:31:51] "GET /static/admin/img/icon-addlink.svg HTTP/1.1" 200 331
[17/Apr/2025 23:32:02] "GET /admin/auth/user/ HTTP/1.1" 200 18123
[17/Apr/2025 23:32:02] "GET /static/admin/js/prepopulate.js HTTP/1.1" 200 1531
[17/Apr/2025 23:32:02] "GET /static/admin/js/vendor/jquery/jquery.js HTTP/1.1" 200 292458
[17/Apr/2025 23:32:02] "GET /static/admin/js/urlify.js HTTP/1.1" 200 7887
[17/Apr/2025 23:32:02] "GET /static/admin/css/changelists.css HTTP/1.1" 200 6566
[17/Apr/2025 23:32:02] "GET /static/admin/js/vendor/xregexp/xregexp.js HTTP/1.1" 200 232381
[17/Apr/2025 23:32:02] "GET /static/admin/js/jquery.init.js HTTP/1.1" 200 347
[17/Apr/2025 23:32:03] "GET /static/admin/js/actions.js HTTP/1.1" 200 7872
[17/Apr/2025 23:32:03] "GET /static/admin/img/search.svg HTTP/1.1" 200 458
[17/Apr/2025 23:32:03] "GET /static/admin/img/icon-yes.svg HTTP/1.1" 200 436
[17/Apr/2025 23:32:03] "GET /static/admin/js/core.js HTTP/1.1" 200 5682
[17/Apr/2025 23:32:03] "GET /static/admin/js/admin/RelatedObjectLookups.js HTTP/1.1" 200 8943
[17/Apr/2025 23:32:03] "GET /admin/jsi18n/ HTTP/1.1" 200 8621
[17/Apr/2025 23:32:03] "GET /static/admin/img/icon-unknown.svg HTTP/1.1" 200 655
[17/Apr/2025 23:32:03] "GET /static/admin/js/filters.js HTTP/1.1" 200 978
[17/Apr/2025 23:32:03] "GET /static/admin/img/tooltag-add.svg HTTP/1.1" 200 331
[17/Apr/2025 23:32:03] "GET /static/admin/img/sorting-icons.svg HTTP/1.1" 200 1097
[17/Apr/2025 23:51:36] "HEAD / HTTP/1.1" 200 0
[17/Apr/2025 23:51:37] "GET / HTTP/1.1" 200 28829
[17/Apr/2025 23:51:42] "HEAD /about HTTP/1.1" 301 0
[17/Apr/2025 23:51:43] "HEAD /about/ HTTP/1.1" 200 0
[17/Apr/2025 23:51:43] "GET /about HTTP/1.1" 301 0
[17/Apr/2025 23:51:43] "GET /about/ HTTP/1.1" 200 37531
[17/Apr/2025 23:51:49] "HEAD /events HTTP/1.1" 301 0
[17/Apr/2025 23:51:50] "HEAD /events/ HTTP/1.1" 200 0
[17/Apr/2025 23:51:51] "GET /events HTTP/1.1" 301 0
[17/Apr/2025 23:51:51] "GET /events/ HTTP/1.1" 200 29809
[17/Apr/2025 23:51:59] "HEAD /forum HTTP/1.1" 301 0
[17/Apr/2025 23:52:00] "HEAD /forum/ HTTP/1.1" 200 0
[17/Apr/2025 23:52:01] "GET /forum HTTP/1.1" 301 0
[17/Apr/2025 23:52:02] "GET /forum/ HTTP/1.1" 200 26445
[17/Apr/2025 23:52:07] "HEAD /accounts/members HTTP/1.1" 301 0
[17/Apr/2025 23:52:08] "HEAD /accounts/members/ HTTP/1.1" 200 0
[17/Apr/2025 23:52:09] "GET /accounts/members HTTP/1.1" 301 0
[17/Apr/2025 23:52:11] "GET /accounts/members/ HTTP/1.1" 200 33756
[17/Apr/2025 23:52:30] "HEAD /static/img/Jerem.png HTTP/1.1" 200 0
[17/Apr/2025 23:52:30] "HEAD /static/img/Eric.png HTTP/1.1" 200 0
[17/Apr/2025 23:52:30] "HEAD /static/img/rasso.png HTTP/1.1" 200 0
[17/Apr/2025 23:52:30] "HEAD /static/img/logo.png HTTP/1.1" 200 0
[17/Apr/2025 23:52:30] "HEAD /static/img/autre.png HTTP/1.1" 200 0
[17/Apr/2025 23:52:31] "GET /static/img/Eric.png HTTP/1.1" 200 171022
[17/Apr/2025 23:52:31] "GET /static/img/rasso.png HTTP/1.1" 200 7130
[17/Apr/2025 23:52:31] "GET /static/img/logo.png HTTP/1.1" 200 407054
[17/Apr/2025 23:52:31] "GET /static/img/autre.png HTTP/1.1" 200 6558
[17/Apr/2025 23:52:32] "GET /static/img/Jerem.png HTTP/1.1" 200 167198
[18/Apr/2025 00:02:55] "GET / HTTP/1.1" 200 28829
[18/Apr/2025 00:02:56] "GET / HTTP/1.1" 200 28829
Not Found: /favicon.ico
[18/Apr/2025 00:02:57] "GET /favicon.ico HTTP/1.1" 404 3372
[18/Apr/2025 00:02:57] "GET /static/img/favicon.ico HTTP/1.1" 200 226046
[18/Apr/2025 00:02:58] "GET / HTTP/1.1" 200 28829
[18/Apr/2025 00:02:59] "GET / HTTP/1.1" 200 28829
[18/Apr/2025 00:02:59] "GET /static/img/logo.png HTTP/1.1" 200 407054
[18/Apr/2025 00:07:33] "GET / HTTP/1.1" 200 28829
[18/Apr/2025 00:38:05] "GET / HTTP/1.1" 200 28829
[18/Apr/2025 00:38:05] "GET /static/css/style.css HTTP/1.1" 200 15598
[18/Apr/2025 00:38:05] "GET /static/img/logo.png HTTP/1.1" 200 407054
[18/Apr/2025 00:38:05] "GET /static/img/Jerem.png HTTP/1.1" 200 167198
[18/Apr/2025 00:38:05] "GET /static/img/Eric.png HTTP/1.1" 200 171022
[18/Apr/2025 00:38:05] "GET /static/img/rasso.png HTTP/1.1" 200 7130
[18/Apr/2025 00:38:05] "GET /static/img/autre.png HTTP/1.1" 200 6558
[18/Apr/2025 01:01:54] "GET / HTTP/1.1" 200 28829
[18/Apr/2025 01:03:29] "GET / HTTP/1.1" 200 28829
[18/Apr/2025 01:03:29] "GET / HTTP/1.1" 200 28829
[18/Apr/2025 01:04:51] "GET / HTTP/1.1" 200 28829
[18/Apr/2025 01:04:51] "GET / HTTP/1.1" 200 28829
[18/Apr/2025 01:04:51] "GET /static/css/style.css HTTP/1.1" 200 15598
[18/Apr/2025 01:04:51] "GET /static/img/Jerem.png HTTP/1.1" 200 167198
[18/Apr/2025 01:04:51] "GET /static/img/logo.png HTTP/1.1" 200 407054
[18/Apr/2025 01:04:51] "GET /static/img/Eric.png HTTP/1.1" 200 171022
[18/Apr/2025 01:04:51] "GET /static/img/rasso.png HTTP/1.1" 200 7130
[18/Apr/2025 01:04:51] "GET /static/img/autre.png HTTP/1.1" 200 6558
[18/Apr/2025 01:04:52] "GET /static/img/favicon.ico HTTP/1.1" 200 226046
[18/Apr/2025 01:04:52] "GET / HTTP/1.1" 200 28829
Not Found: /favicon.ico
[18/Apr/2025 01:04:52] "HEAD /favicon.ico HTTP/1.1" 404 0
[18/Apr/2025 01:04:52] "GET /static/img/favicon.ico HTTP/1.1" 200 226046
[18/Apr/2025 01:11:34] "GET / HTTP/1.1" 200 28829
[18/Apr/2025 01:11:34] "GET /static/css/style.css HTTP/1.1" 200 15598
[18/Apr/2025 01:11:34] "GET /static/img/logo.png HTTP/1.1" 200 407054
[18/Apr/2025 01:11:34] "GET /static/img/Eric.png HTTP/1.1" 200 171022
[18/Apr/2025 01:11:34] "GET /static/img/rasso.png HTTP/1.1" 200 7130
[18/Apr/2025 01:11:34] "GET /static/img/autre.png HTTP/1.1" 200 6558
[18/Apr/2025 01:11:34] "GET /static/img/Jerem.png HTTP/1.1" 200 167198
[18/Apr/2025 01:11:37] "GET / HTTP/1.1" 200 28829
[18/Apr/2025 01:11:37] "GET /static/css/style.css HTTP/1.1" 200 15598
[18/Apr/2025 01:11:37] "GET /static/img/Jerem.png HTTP/1.1" 200 167198
[18/Apr/2025 01:11:37] "GET /static/img/autre.png HTTP/1.1" 200 6558
[18/Apr/2025 01:11:37] "GET /static/img/rasso.png HTTP/1.1" 200 7130
[18/Apr/2025 01:11:37] "GET /static/img/logo.png HTTP/1.1" 200 407054
[18/Apr/2025 01:11:37] "GET /static/img/Eric.png HTTP/1.1" 200 171022
[18/Apr/2025 01:11:52] "GET / HTTP/1.1" 200 28829
[18/Apr/2025 01:11:57] "GET / HTTP/1.1" 200 28829
[18/Apr/2025 01:11:57] "GET /static/css/style.css HTTP/1.1" 200 15598
[18/Apr/2025 01:11:57] "GET /static/img/rasso.png HTTP/1.1" 200 7130
[18/Apr/2025 01:11:57] "GET /static/img/logo.png HTTP/1.1" 200 407054
[18/Apr/2025 01:11:57] "GET /static/img/autre.png HTTP/1.1" 200 6558
[18/Apr/2025 01:11:57] "GET /static/img/Jerem.png HTTP/1.1" 200 167198
[18/Apr/2025 01:11:57] "GET /static/img/Eric.png HTTP/1.1" 200 171022
[18/Apr/2025 01:16:11] "GET / HTTP/1.1" 200 28829
Not Found: /robots.txt
[18/Apr/2025 02:22:02] "GET /robots.txt HTTP/1.1" 404 3369
[18/Apr/2025 02:22:04] "GET / HTTP/1.1" 200 28829
[18/Apr/2025 02:32:49] "GET / HTTP/1.1" 200 28829
Not Found: /favicon.ico
[18/Apr/2025 02:32:50] "GET /favicon.ico HTTP/1.1" 404 3372
Not Found: /favicon.png
[18/Apr/2025 02:32:50] "GET /favicon.png HTTP/1.1" 404 3372
[18/Apr/2025 02:32:50] "GET /static/img/favicon.ico HTTP/1.1" 200 226046
[18/Apr/2025 02:33:16] "GET / HTTP/1.1" 200 28829
[18/Apr/2025 02:33:16] "GET /static/img/Eric.png HTTP/1.1" 200 171022
[18/Apr/2025 02:33:16] "GET /static/img/rasso.png HTTP/1.1" 200 7130
[18/Apr/2025 02:33:16] "GET /static/css/style.css HTTP/1.1" 200 15598
[18/Apr/2025 02:33:16] "GET /static/img/autre.png HTTP/1.1" 200 6558
[18/Apr/2025 02:33:16] "GET /static/img/Jerem.png HTTP/1.1" 200 167198
[18/Apr/2025 02:33:16] "GET /static/img/logo.png HTTP/1.1" 200 407054
Not Found: /favicon.ico
[18/Apr/2025 02:33:19] "GET /favicon.ico HTTP/1.1" 404 3372
[18/Apr/2025 02:33:20] "GET /static/img/favicon.ico HTTP/1.1" 200 226046
[18/Apr/2025 03:44:58] "GET / HTTP/1.1" 200 28829
[18/Apr/2025 03:45:08] "GET /static/css/style.css HTTP/1.1" 200 15598
[18/Apr/2025 03:45:08] "GET /static/img/Jerem.png HTTP/1.1" 200 167198
[18/Apr/2025 03:45:08] "GET /static/img/logo.png HTTP/1.1" 200 407054
[18/Apr/2025 03:45:25] "GET /static/img/Eric.png HTTP/1.1" 200 171022
[18/Apr/2025 03:45:25] "GET /static/img/rasso.png HTTP/1.1" 200 7130
[18/Apr/2025 03:45:33] "GET /static/img/autre.png HTTP/1.1" 200 6558
[18/Apr/2025 03:46:10] "GET / HTTP/1.1" 200 28829
[18/Apr/2025 03:46:17] "GET / HTTP/1.1" 200 28829
[18/Apr/2025 03:46:17] "GET /static/css/style.css HTTP/1.1" 200 15598
[18/Apr/2025 03:46:17] "GET /static/img/autre.png HTTP/1.1" 200 6558
[18/Apr/2025 03:46:17] "GET /static/img/Jerem.png HTTP/1.1" 200 167198
[18/Apr/2025 03:46:17] "GET /static/img/rasso.png HTTP/1.1" 200 7130
[18/Apr/2025 03:46:17] "GET /static/img/logo.png HTTP/1.1" 200 407054
[18/Apr/2025 03:46:17] "GET /static/img/Eric.png HTTP/1.1" 200 171022
[18/Apr/2025 03:46:38] "GET /static/img/favicon.ico HTTP/1.1" 200 226046
[18/Apr/2025 03:47:23] "GET / HTTP/1.1" 200 28829
[18/Apr/2025 03:47:25] "GET /static/css/style.css HTTP/1.1" 200 15598
[18/Apr/2025 03:47:25] "GET /static/img/Jerem.png HTTP/1.1" 200 167198
[18/Apr/2025 03:47:25] "GET /static/img/logo.png HTTP/1.1" 200 407054
[18/Apr/2025 03:47:25] "GET /static/img/Eric.png HTTP/1.1" 200 171022
[18/Apr/2025 03:47:25] "GET /static/img/rasso.png HTTP/1.1" 200 7130
[18/Apr/2025 03:47:26] "GET /static/img/autre.png HTTP/1.1" 200 6558
[18/Apr/2025 03:47:28] "GET /static/img/favicon.ico HTTP/1.1" 200 226046
[18/Apr/2025 03:51:00] "GET /static/img/favicon.ico HTTP/1.1" 200 226046
Not Found: /favicon.ico
[18/Apr/2025 03:51:01] "GET /favicon.ico HTTP/1.1" 404 3372
[18/Apr/2025 03:51:46] "GET / HTTP/1.1" 200 28829
[18/Apr/2025 03:53:37] "GET / HTTP/1.1" 200 28829
[18/Apr/2025 03:53:38] "GET / HTTP/1.1" 200 28829
[18/Apr/2025 03:53:49] "GET /static/img/logo.png HTTP/1.1" 200 407054
[18/Apr/2025 03:53:49] "GET /static/img/autre.png HTTP/1.1" 200 6558
[18/Apr/2025 03:53:49] "GET /static/img/favicon.ico HTTP/1.1" 200 226046
[18/Apr/2025 03:53:49] "GET /static/img/rasso.png HTTP/1.1" 200 7130
[18/Apr/2025 03:53:49] "GET /static/img/favicon.ico HTTP/1.1" 200 226046
[18/Apr/2025 03:53:49] "GET /static/img/rasso.png HTTP/1.1" 200 7130
[18/Apr/2025 03:53:49] "GET /static/img/autre.png HTTP/1.1" 200 6558
[18/Apr/2025 03:53:49] "GET /static/img/logo.png HTTP/1.1" 200 407054
Not Found: /favicon.ico
[18/Apr/2025 03:54:13] "GET /favicon.ico HTTP/1.1" 404 3372
[18/Apr/2025 03:56:04] "GET / HTTP/1.1" 200 28829
[18/Apr/2025 03:56:05] "GET / HTTP/1.1" 200 28829
[18/Apr/2025 03:59:56] "GET / HTTP/1.1" 200 28829
[18/Apr/2025 04:01:26] "GET / HTTP/1.1" 200 28829
[18/Apr/2025 04:01:50] "GET / HTTP/1.1" 200 28829
[18/Apr/2025 04:01:51] "GET /static/css/style.css HTTP/1.1" 200 15598
[18/Apr/2025 04:01:51] "GET /static/img/Jerem.png HTTP/1.1" 200 167198
[18/Apr/2025 04:01:51] "GET /static/img/logo.png HTTP/1.1" 200 407054
[18/Apr/2025 04:01:51] "GET /static/img/rasso.png HTTP/1.1" 200 7130
[18/Apr/2025 04:01:51] "GET /static/img/Eric.png HTTP/1.1" 200 171022
[18/Apr/2025 04:01:51] "GET /static/img/autre.png HTTP/1.1" 200 6558
[18/Apr/2025 04:01:51] "GET /static/img/favicon.ico HTTP/1.1" 200 226046
[18/Apr/2025 04:02:06] "GET /static/img/favicon.ico HTTP/1.1" 200 226046
[18/Apr/2025 04:02:06] "GET /static/img/autre.png HTTP/1.1" 200 6558
[18/Apr/2025 04:02:07] "GET /static/img/logo.png HTTP/1.1" 200 407054
[18/Apr/2025 04:02:07] "GET /static/img/rasso.png HTTP/1.1" 200 7130
[18/Apr/2025 04:02:27] "GET / HTTP/1.1" 200 28829
[18/Apr/2025 04:02:27] "GET /static/img/Jerem.png HTTP/1.1" 200 167198
[18/Apr/2025 04:02:27] "GET /static/css/style.css HTTP/1.1" 200 15598
[18/Apr/2025 04:02:27] "GET /static/img/rasso.png HTTP/1.1" 200 7130
[18/Apr/2025 04:02:27] "GET /static/img/Eric.png HTTP/1.1" 200 171022
[18/Apr/2025 04:02:27] "GET /static/img/autre.png HTTP/1.1" 200 6558
[18/Apr/2025 04:02:27] "GET /static/img/logo.png HTTP/1.1" 200 407054
[18/Apr/2025 04:02:28] "GET /static/img/favicon.ico HTTP/1.1" 200 226046
[18/Apr/2025 04:03:55] "GET / HTTP/1.1" 200 28829
[18/Apr/2025 04:03:55] "GET /static/css/style.css HTTP/1.1" 200 15598
[18/Apr/2025 04:03:55] "GET /static/img/logo.png HTTP/1.1" 200 407054
[18/Apr/2025 04:03:55] "GET /static/img/rasso.png HTTP/1.1" 200 7130
[18/Apr/2025 04:03:55] "GET /static/img/autre.png HTTP/1.1" 200 6558
[18/Apr/2025 04:03:55] "GET /static/img/Jerem.png HTTP/1.1" 200 167198
[18/Apr/2025 04:03:55] "GET /static/img/Eric.png HTTP/1.1" 200 171022
[18/Apr/2025 04:03:59] "GET / HTTP/1.1" 200 28829
[18/Apr/2025 04:04:00] "GET /static/css/style.css HTTP/1.1" 200 15598
[18/Apr/2025 04:04:00] "GET /static/img/Jerem.png HTTP/1.1" 200 167198
[18/Apr/2025 04:04:00] "GET /static/img/Eric.png HTTP/1.1" 200 171022
[18/Apr/2025 04:04:00] "GET /static/img/rasso.png HTTP/1.1" 200 7130
[18/Apr/2025 04:04:00] "GET /static/img/autre.png HTTP/1.1" 200 6558
[18/Apr/2025 04:04:00] "GET /static/img/logo.png HTTP/1.1" 200 407054
[18/Apr/2025 04:04:39] "GET / HTTP/1.1" 200 28829
[18/Apr/2025 04:04:40] "GET /static/css/style.css HTTP/1.1" 200 15598
[18/Apr/2025 04:04:40] "GET /static/img/Eric.png HTTP/1.1" 200 171022
[18/Apr/2025 04:04:40] "GET /static/img/Jerem.png HTTP/1.1" 200 167198
[18/Apr/2025 04:04:40] "GET /static/img/rasso.png HTTP/1.1" 200 7130
[18/Apr/2025 04:04:40] "GET /static/img/autre.png HTTP/1.1" 200 6558
[18/Apr/2025 04:04:40] "GET /static/img/logo.png HTTP/1.1" 200 407054
[18/Apr/2025 04:04:48] "GET /static/img/favicon.ico HTTP/1.1" 200 226046
[18/Apr/2025 04:04:52] "GET /accounts/login/ HTTP/1.1" 200 25441
[18/Apr/2025 04:04:56] "POST /accounts/login/ HTTP/1.1" 200 25441
[18/Apr/2025 04:04:59] "POST /accounts/login/ HTTP/1.1" 200 25441
[18/Apr/2025 04:05:01] "POST /accounts/login/ HTTP/1.1" 200 25441
[18/Apr/2025 04:05:04] "POST /accounts/login/ HTTP/1.1" 200 25441
[18/Apr/2025 04:05:07] "POST /accounts/login/ HTTP/1.1" 200 25441
[18/Apr/2025 04:05:42] "GET / HTTP/1.1" 200 28829
[18/Apr/2025 04:05:42] "GET /static/css/style.css HTTP/1.1" 200 15598
[18/Apr/2025 04:05:42] "GET /static/img/Jerem.png HTTP/1.1" 200 167198
[18/Apr/2025 04:05:42] "GET /static/img/logo.png HTTP/1.1" 200 407054
[18/Apr/2025 04:05:42] "GET /static/img/autre.png HTTP/1.1" 200 6558
[18/Apr/2025 04:05:42] "GET /static/img/rasso.png HTTP/1.1" 200 7130
[18/Apr/2025 04:05:42] "GET /static/img/Eric.png HTTP/1.1" 200 171022
[18/Apr/2025 04:05:43] "GET /static/img/favicon.ico HTTP/1.1" 200 226046
[18/Apr/2025 04:05:53] "GET /accounts/login/ HTTP/1.1" 200 25441
[18/Apr/2025 04:05:55] "POST /accounts/login/ HTTP/1.1" 200 25441
[18/Apr/2025 04:05:56] "POST /accounts/login/ HTTP/1.1" 200 25441
[18/Apr/2025 04:05:57] "POST /accounts/login/ HTTP/1.1" 200 25441
[18/Apr/2025 04:05:59] "POST /accounts/login/ HTTP/1.1" 200 25441
[18/Apr/2025 04:06:01] "POST /accounts/login/ HTTP/1.1" 200 25441
[18/Apr/2025 04:06:06] "GET / HTTP/1.1" 200 28829
[18/Apr/2025 04:06:07] "GET /static/css/style.css HTTP/1.1" 200 15598
[18/Apr/2025 04:06:07] "GET /static/img/logo.png HTTP/1.1" 200 407054
[18/Apr/2025 04:06:07] "GET /static/img/Jerem.png HTTP/1.1" 200 167198
[18/Apr/2025 04:06:07] "GET /static/img/Eric.png HTTP/1.1" 200 171022
[18/Apr/2025 04:06:07] "GET /static/img/rasso.png HTTP/1.1" 200 7130
[18/Apr/2025 04:06:07] "GET /static/img/autre.png HTTP/1.1" 200 6558
[18/Apr/2025 04:06:11] "GET / HTTP/1.1" 200 28829
[18/Apr/2025 04:06:11] "GET /static/css/style.css HTTP/1.1" 200 15598
[18/Apr/2025 04:06:11] "GET /static/img/Jerem.png HTTP/1.1" 200 167198
[18/Apr/2025 04:06:11] "GET /static/img/rasso.png HTTP/1.1" 200 7130
[18/Apr/2025 04:06:11] "GET /static/img/logo.png HTTP/1.1" 200 407054
[18/Apr/2025 04:06:11] "GET /static/img/Eric.png HTTP/1.1" 200 171022
[18/Apr/2025 04:06:11] "GET /static/img/autre.png HTTP/1.1" 200 6558
[18/Apr/2025 04:06:32] "GET / HTTP/1.1" 200 28829
[18/Apr/2025 04:06:32] "GET /static/css/style.css HTTP/1.1" 200 15598
[18/Apr/2025 04:06:32] "GET /static/img/Jerem.png HTTP/1.1" 200 167198
[18/Apr/2025 04:06:32] "GET /static/img/logo.png HTTP/1.1" 200 407054
[18/Apr/2025 04:06:32] "GET /static/img/Eric.png HTTP/1.1" 200 171022
[18/Apr/2025 04:06:32] "GET /static/img/rasso.png HTTP/1.1" 200 7130
[18/Apr/2025 04:06:32] "GET /static/img/autre.png HTTP/1.1" 200 6558
[18/Apr/2025 04:06:33] "GET /static/img/favicon.ico HTTP/1.1" 200 226046
[18/Apr/2025 04:06:43] "GET /accounts/login/ HTTP/1.1" 200 25441
[18/Apr/2025 04:06:45] "POST /accounts/login/ HTTP/1.1" 200 25441
[18/Apr/2025 04:06:46] "POST /accounts/login/ HTTP/1.1" 200 25441
[18/Apr/2025 04:06:48] "POST /accounts/login/ HTTP/1.1" 200 25441
[18/Apr/2025 04:06:50] "POST /accounts/login/ HTTP/1.1" 200 25441
[18/Apr/2025 04:06:51] "POST /accounts/login/ HTTP/1.1" 200 25441
[18/Apr/2025 04:09:30] "GET /accounts/login/ HTTP/1.1" 200 25441
[18/Apr/2025 04:17:14] "GET / HTTP/1.1" 200 28829
[18/Apr/2025 04:17:14] "GET / HTTP/1.1" 200 28829
[18/Apr/2025 04:17:14] "GET /static/img/Jerem.png HTTP/1.1" 200 167198
[18/Apr/2025 04:17:14] "GET /static/img/logo.png HTTP/1.1" 200 407054
[18/Apr/2025 04:17:14] "GET /static/css/style.css HTTP/1.1" 200 15598
[18/Apr/2025 04:17:14] "GET /static/img/Eric.png HTTP/1.1" 200 171022
[18/Apr/2025 04:17:14] "GET /static/img/rasso.png HTTP/1.1" 200 7130
[18/Apr/2025 04:17:14] "GET /static/img/autre.png HTTP/1.1" 200 6558
[18/Apr/2025 04:17:15] "GET /static/img/favicon.ico HTTP/1.1" 200 226046
[18/Apr/2025 04:17:15] "GET / HTTP/1.1" 200 28829
Not Found: /favicon.ico
[18/Apr/2025 04:17:15] "HEAD /favicon.ico HTTP/1.1" 404 0
[18/Apr/2025 04:17:15] "GET /static/img/favicon.ico HTTP/1.1" 200 226046
[18/Apr/2025 04:38:07] "GET / HTTP/1.1" 200 28829
[18/Apr/2025 04:39:44] "GET / HTTP/1.1" 200 28829
[18/Apr/2025 04:39:45] "GET / HTTP/1.1" 200 28829
[18/Apr/2025 04:39:46] "GET /static/css/style.css HTTP/1.1" 200 15598
[18/Apr/2025 04:39:46] "GET /static/img/Eric.png HTTP/1.1" 200 171022
[18/Apr/2025 04:39:46] "GET /static/img/autre.png HTTP/1.1" 200 6558
[18/Apr/2025 04:39:46] "GET /static/img/logo.png HTTP/1.1" 200 407054
[18/Apr/2025 04:39:46] "GET /static/img/rasso.png HTTP/1.1" 200 7130
[18/Apr/2025 04:39:46] "GET /static/img/Jerem.png HTTP/1.1" 200 167198
[18/Apr/2025 04:39:52] "GET / HTTP/1.1" 200 28829
[18/Apr/2025 04:39:52] "GET /static/css/style.css HTTP/1.1" 200 15598
[18/Apr/2025 04:39:52] "GET /static/img/rasso.png HTTP/1.1" 200 7130
[18/Apr/2025 04:39:52] "GET /static/img/Jerem.png HTTP/1.1" 200 167198
[18/Apr/2025 04:39:52] "GET /static/img/logo.png HTTP/1.1" 200 407054
[18/Apr/2025 04:39:52] "GET /static/img/Eric.png HTTP/1.1" 200 171022
[18/Apr/2025 04:39:52] "GET /static/img/autre.png HTTP/1.1" 200 6558
Not Found: /error_docs/forbidden.html
[18/Apr/2025 04:40:07] "GET /error_docs/forbidden.html HTTP/1.1" 404 3414
[18/Apr/2025 05:01:28] "GET / HTTP/1.1" 200 28829
[18/Apr/2025 05:03:45] "GET / HTTP/1.1" 200 28829
[18/Apr/2025 05:05:12] "GET / HTTP/1.1" 200 28829
[18/Apr/2025 05:05:12] "GET /static/css/style.css HTTP/1.1" 200 15598
[18/Apr/2025 05:05:12] "GET /static/img/Eric.png HTTP/1.1" 200 171022
[18/Apr/2025 05:05:12] "GET /static/img/rasso.png HTTP/1.1" 200 7130
[18/Apr/2025 05:05:12] "GET /static/img/autre.png HTTP/1.1" 200 6558
[18/Apr/2025 05:05:12] "GET /static/img/Jerem.png HTTP/1.1" 200 167198
[18/Apr/2025 05:05:12] "GET /static/img/logo.png HTTP/1.1" 200 407054
[18/Apr/2025 05:05:17] "GET / HTTP/1.1" 200 28829
[18/Apr/2025 05:05:17] "GET /static/css/style.css HTTP/1.1" 200 15598
[18/Apr/2025 05:05:17] "GET /static/img/logo.png HTTP/1.1" 200 407054
[18/Apr/2025 05:05:17] "GET /static/img/Eric.png HTTP/1.1" 200 171022
[18/Apr/2025 05:05:17] "GET /static/img/autre.png HTTP/1.1" 200 6558
[18/Apr/2025 05:05:17] "GET /static/img/rasso.png HTTP/1.1" 200 7130
[18/Apr/2025 05:05:17] "GET /static/img/Jerem.png HTTP/1.1" 200 167198
[18/Apr/2025 05:05:35] "GET / HTTP/1.1" 200 28829
[18/Apr/2025 05:05:36] "GET /static/css/style.css HTTP/1.1" 200 15598
[18/Apr/2025 05:05:36] "GET /static/img/autre.png HTTP/1.1" 200 6558
[18/Apr/2025 05:05:36] "GET /static/img/logo.png HTTP/1.1" 200 407054
[18/Apr/2025 05:05:36] "GET /static/img/rasso.png HTTP/1.1" 200 7130
[18/Apr/2025 05:05:36] "GET /static/img/Jerem.png HTTP/1.1" 200 167198
[18/Apr/2025 05:05:36] "GET /static/img/Eric.png HTTP/1.1" 200 171022
[18/Apr/2025 05:05:41] "GET / HTTP/1.1" 200 28829
[18/Apr/2025 05:05:41] "GET /static/css/style.css HTTP/1.1" 200 15598
[18/Apr/2025 05:05:41] "GET /static/img/logo.png HTTP/1.1" 200 407054
[18/Apr/2025 05:05:41] "GET /static/img/Jerem.png HTTP/1.1" 200 167198
[18/Apr/2025 05:05:41] "GET /static/img/Eric.png HTTP/1.1" 200 171022
[18/Apr/2025 05:05:41] "GET /static/img/rasso.png HTTP/1.1" 200 7130
[18/Apr/2025 05:05:41] "GET /static/img/autre.png HTTP/1.1" 200 6558
[18/Apr/2025 05:13:42] "GET / HTTP/1.1" 200 28829
[18/Apr/2025 05:13:42] "GET / HTTP/1.1" 200 28829
Not Found: /favicon.ico
[18/Apr/2025 05:13:43] "GET /favicon.ico HTTP/1.1" 404 3372
[18/Apr/2025 05:13:43] "GET /static/img/favicon.ico HTTP/1.1" 200 226046
[18/Apr/2025 05:13:45] "GET / HTTP/1.1" 200 28829
[18/Apr/2025 05:13:45] "GET / HTTP/1.1" 200 28829
[18/Apr/2025 05:25:11] "GET / HTTP/1.1" 200 28829
[18/Apr/2025 05:25:13] "GET / HTTP/1.1" 200 28829
[18/Apr/2025 05:28:01] "GET / HTTP/1.1" 200 28829
[18/Apr/2025 05:28:02] "GET /static/css/style.css HTTP/1.1" 200 15598
[18/Apr/2025 05:28:02] "GET /static/img/Jerem.png HTTP/1.1" 200 167198
[18/Apr/2025 05:28:02] "GET /static/img/logo.png HTTP/1.1" 200 407054
[18/Apr/2025 05:28:02] "GET /static/img/autre.png HTTP/1.1" 200 6558
[18/Apr/2025 05:28:02] "GET /static/img/rasso.png HTTP/1.1" 200 7130
[18/Apr/2025 05:28:02] "GET /static/img/Eric.png HTTP/1.1" 200 171022
[18/Apr/2025 05:28:06] "GET /static/img/favicon.ico HTTP/1.1" 200 226046
[18/Apr/2025 05:56:14] "GET / HTTP/1.1" 200 28829
[18/Apr/2025 06:04:10] "GET / HTTP/1.1" 200 28829
[18/Apr/2025 06:05:38] "GET / HTTP/1.1" 200 28829
Not Found: /favicon.ico
[18/Apr/2025 06:05:38] "GET /favicon.ico HTTP/1.1" 404 3372
Not Found: /favicon.png
[18/Apr/2025 06:05:39] "GET /favicon.png HTTP/1.1" 404 3372
[18/Apr/2025 06:05:39] "GET /static/img/favicon.ico HTTP/1.1" 200 226046
[18/Apr/2025 06:05:44] "GET / HTTP/1.1" 200 28829
[18/Apr/2025 06:05:44] "GET /static/css/style.css HTTP/1.1" 200 15598
[18/Apr/2025 06:05:44] "GET /static/img/Jerem.png HTTP/1.1" 200 167198
[18/Apr/2025 06:05:44] "GET /static/img/logo.png HTTP/1.1" 200 407054
[18/Apr/2025 06:05:44] "GET /static/img/Eric.png HTTP/1.1" 200 171022
[18/Apr/2025 06:05:44] "GET /static/img/rasso.png HTTP/1.1" 200 7130
[18/Apr/2025 06:05:44] "GET /static/img/autre.png HTTP/1.1" 200 6558
Not Found: /favicon.ico
[18/Apr/2025 06:05:45] "GET /favicon.ico HTTP/1.1" 404 3372
[18/Apr/2025 06:05:46] "GET /static/img/favicon.ico HTTP/1.1" 200 226046
[18/Apr/2025 06:16:01] "GET / HTTP/1.1" 200 28829
[18/Apr/2025 08:01:11] "GET / HTTP/1.1" 200 28829
[18/Apr/2025 08:02:16] "GET /about/ HTTP/1.1" 200 37531
[18/Apr/2025 08:02:16] "GET /static/css/style.css HTTP/1.1" 200 15598
[18/Apr/2025 08:02:16] "GET /static/img/logo.png HTTP/1.1" 200 407054
[18/Apr/2025 08:02:29] "GET / HTTP/1.1" 200 28829
[18/Apr/2025 08:02:29] "GET /static/img/Jerem.png HTTP/1.1" 200 167198
[18/Apr/2025 08:02:29] "GET /static/img/Eric.png HTTP/1.1" 200 171022
[18/Apr/2025 08:02:29] "GET /static/img/autre.png HTTP/1.1" 200 6558
[18/Apr/2025 08:02:29] "GET /static/img/rasso.png HTTP/1.1" 200 7130
[18/Apr/2025 08:09:14] "GET / HTTP/1.1" 200 28829
[18/Apr/2025 08:09:14] "GET /static/css/style.css HTTP/1.1" 200 15598
[18/Apr/2025 08:09:14] "GET /static/img/Jerem.png HTTP/1.1" 200 167198
[18/Apr/2025 08:09:14] "GET /static/img/autre.png HTTP/1.1" 200 6558
[18/Apr/2025 08:09:14] "GET /static/img/logo.png HTTP/1.1" 200 407054
[18/Apr/2025 08:09:14] "GET /static/img/rasso.png HTTP/1.1" 200 7130
[18/Apr/2025 08:09:14] "GET /static/img/Eric.png HTTP/1.1" 200 171022
[18/Apr/2025 08:09:16] "GET /static/img/favicon.ico HTTP/1.1" 200 226046
[18/Apr/2025 08:09:17] "GET /static/img/favicon.ico HTTP/1.1" 200 226046
[18/Apr/2025 08:10:05] "GET / HTTP/1.1" 200 28829
[18/Apr/2025 08:10:05] "GET /static/css/style.css HTTP/1.1" 200 15598
[18/Apr/2025 08:10:05] "GET /static/img/logo.png HTTP/1.1" 200 407054
[18/Apr/2025 08:10:05] "GET /static/img/autre.png HTTP/1.1" 200 6558
[18/Apr/2025 08:10:05] "GET /static/img/Jerem.png HTTP/1.1" 200 167198
[18/Apr/2025 08:10:05] "GET /static/img/rasso.png HTTP/1.1" 200 7130
[18/Apr/2025 08:10:05] "GET /static/img/Eric.png HTTP/1.1" 200 171022
[18/Apr/2025 08:10:06] "GET /static/img/favicon.ico HTTP/1.1" 200 226046
[18/Apr/2025 08:10:36] "GET / HTTP/1.1" 200 28829
[18/Apr/2025 08:10:43] "GET /about/ HTTP/1.1" 200 37531
[18/Apr/2025 08:11:23] "GET /forum/ HTTP/1.1" 200 26445
[18/Apr/2025 08:11:27] "GET /forum/ HTTP/1.1" 200 26445
[18/Apr/2025 08:11:27] "GET /forum/ HTTP/1.1" 200 26445
[18/Apr/2025 08:11:27] "GET /forum/ HTTP/1.1" 200 26445
[18/Apr/2025 08:11:28] "GET /static/css/style.css HTTP/1.1" 200 15598
[18/Apr/2025 08:11:28] "GET /static/css/style.css HTTP/1.1" 200 15598
[18/Apr/2025 08:13:45] "GET / HTTP/1.1" 200 28829
[18/Apr/2025 08:13:45] "GET /static/img/Eric.png HTTP/1.1" 200 171022
[18/Apr/2025 08:13:45] "GET /static/img/Jerem.png HTTP/1.1" 200 167198
[18/Apr/2025 08:13:45] "GET /static/img/favicon.ico HTTP/1.1" 200 226046
[18/Apr/2025 08:13:45] "GET /static/img/logo.png HTTP/1.1" 200 407054
Not Found: /js/twint_ch.js
[18/Apr/2025 08:13:45] "GET /js/twint_ch.js HTTP/1.1" 404 3381
Not Found: /js/lkk_ch.js
[18/Apr/2025 08:13:45] "GET /js/lkk_ch.js HTTP/1.1" 404 3375
[18/Apr/2025 08:13:45] "GET /static/img/autre.png HTTP/1.1" 200 6558
[18/Apr/2025 08:13:45] "GET /static/img/rasso.png HTTP/1.1" 200 7130
[18/Apr/2025 08:13:45] "GET /static/css/style.css HTTP/1.1" 200 15598
[18/Apr/2025 08:42:54] "GET / HTTP/1.1" 200 28829
[18/Apr/2025 08:43:00] "GET /accounts/members/ HTTP/1.1" 200 33756
[18/Apr/2025 08:43:00] "GET /media/profile_images/default.png HTTP/1.1" 200 21886
[18/Apr/2025 08:43:00] "GET /media/profile_images/20250412_182916.jpg HTTP/1.1" 200 2965868
[18/Apr/2025 08:43:04] "GET /accounts/members/ HTTP/1.1" 200 33756
[18/Apr/2025 08:43:04] "GET /accounts/members/ HTTP/1.1" 200 33756
[18/Apr/2025 08:43:04] "GET /static/css/style.css HTTP/1.1" 200 15598
[18/Apr/2025 08:43:25] "GET /accounts/profile/Eric-Pasquier/ HTTP/1.1" 302 0
[18/Apr/2025 08:43:25] "GET /accounts/login/?next=/accounts/profile/Eric-Pasquier/ HTTP/1.1" 200 25473
[18/Apr/2025 08:57:51] "GET /admin/auth/user/ HTTP/1.1" 200 18123
[18/Apr/2025 08:57:51] "GET /static/admin/css/base.css HTTP/1.1" 200 21207
[18/Apr/2025 08:57:51] "GET /static/admin/js/vendor/jquery/jquery.js HTTP/1.1" 200 292458
[18/Apr/2025 08:57:51] "GET /static/admin/js/jquery.init.js HTTP/1.1" 200 347
[18/Apr/2025 08:57:51] "GET /static/admin/js/prepopulate.js HTTP/1.1" 200 1531
[18/Apr/2025 08:57:51] "GET /admin/jsi18n/ HTTP/1.1" 200 8621
[18/Apr/2025 08:57:51] "GET /static/admin/js/urlify.js HTTP/1.1" 200 7887
[18/Apr/2025 08:57:51] "GET /static/admin/js/core.js HTTP/1.1" 200 5682
[18/Apr/2025 08:57:51] "GET /static/admin/img/search.svg HTTP/1.1" 200 458
[18/Apr/2025 08:57:51] "GET /static/admin/js/admin/RelatedObjectLookups.js HTTP/1.1" 200 8943
[18/Apr/2025 08:57:51] "GET /static/admin/css/changelists.css HTTP/1.1" 200 6566
[18/Apr/2025 08:57:51] "GET /static/admin/css/responsive.css HTTP/1.1" 200 18533
[18/Apr/2025 08:57:51] "GET /static/admin/css/dark_mode.css HTTP/1.1" 200 2929
[18/Apr/2025 08:57:51] "GET /static/admin/css/nav_sidebar.css HTTP/1.1" 200 2694
[18/Apr/2025 08:57:51] "GET /static/admin/js/vendor/xregexp/xregexp.js HTTP/1.1" 200 232381
[18/Apr/2025 08:57:51] "GET /static/admin/js/actions.js HTTP/1.1" 200 7872
[18/Apr/2025 08:57:51] "GET /static/admin/img/icon-yes.svg HTTP/1.1" 200 436
[18/Apr/2025 08:57:51] "GET /static/admin/img/icon-unknown.svg HTTP/1.1" 200 655
[18/Apr/2025 08:57:51] "GET /static/admin/js/theme.js HTTP/1.1" 200 1943
[18/Apr/2025 08:57:51] "GET /static/admin/js/filters.js HTTP/1.1" 200 978
[18/Apr/2025 08:57:51] "GET /static/admin/js/nav_sidebar.js HTTP/1.1" 200 3063
[18/Apr/2025 08:57:52] "GET /static/admin/img/sorting-icons.svg HTTP/1.1" 200 1097
[18/Apr/2025 08:57:52] "GET /static/admin/img/icon-addlink.svg HTTP/1.1" 200 331
[18/Apr/2025 08:57:52] "GET /static/admin/img/tooltag-add.svg HTTP/1.1" 200 331
Not Found: /favicon.ico
[18/Apr/2025 08:57:52] "GET /favicon.ico HTTP/1.1" 404 3372
[18/Apr/2025 08:57:53] "GET /accounts/members/ HTTP/1.1" 200 33756
[18/Apr/2025 08:57:53] "GET /static/css/style.css HTTP/1.1" 200 15598
[18/Apr/2025 08:57:53] "GET /media/profile_images/default.png HTTP/1.1" 200 21886
[18/Apr/2025 08:57:53] "GET /static/img/logo.png HTTP/1.1" 200 407054
[18/Apr/2025 08:57:53] "GET /media/profile_images/20250412_182916.jpg HTTP/1.1" 200 2965868
[18/Apr/2025 09:27:14] "GET / HTTP/1.1" 200 28829
[18/Apr/2025 09:27:14] "GET /static/img/Jerem.png HTTP/1.1" 200 167198
[18/Apr/2025 09:27:14] "GET /static/css/style.css HTTP/1.1" 200 15598
[18/Apr/2025 09:27:14] "GET /static/img/logo.png HTTP/1.1" 200 407054
[18/Apr/2025 09:27:14] "GET /static/img/Eric.png HTTP/1.1" 200 171022
[18/Apr/2025 09:27:14] "GET /static/img/autre.png HTTP/1.1" 200 6558
[18/Apr/2025 09:27:14] "GET /static/img/rasso.png HTTP/1.1" 200 7130
[18/Apr/2025 09:27:15] "GET /static/img/favicon.ico HTTP/1.1" 200 226046
[18/Apr/2025 09:27:24] "GET /static/img/favicon.ico HTTP/1.1" 200 226046
[18/Apr/2025 10:05:29] "GET / HTTP/1.1" 200 28829
[18/Apr/2025 10:21:20] "GET / HTTP/1.1" 200 28829
[18/Apr/2025 10:58:45] "GET / HTTP/1.1" 200 28829
[18/Apr/2025 10:58:50] "HEAD / HTTP/1.1" 200 0
[18/Apr/2025 10:58:50] "GET / HTTP/1.1" 200 28829
Not Found: /robots.txt
[18/Apr/2025 10:58:50] "GET /robots.txt HTTP/1.1" 404 3369
[18/Apr/2025 10:58:50] "HEAD /static/css/style.css HTTP/1.1" 200 0
[18/Apr/2025 10:58:50] "GET /static/css/style.css HTTP/1.1" 200 15598
[18/Apr/2025 10:58:50] "HEAD /static/img/favicon.ico HTTP/1.1" 200 0
[18/Apr/2025 10:58:51] "HEAD /static/img/logo.png HTTP/1.1" 200 0
[18/Apr/2025 10:58:51] "HEAD /about/ HTTP/1.1" 200 0
[18/Apr/2025 10:58:51] "GET /about/ HTTP/1.1" 200 37531
[18/Apr/2025 10:58:51] "HEAD /events/ HTTP/1.1" 200 0
[18/Apr/2025 10:58:51] "GET /events/ HTTP/1.1" 200 29809
[18/Apr/2025 10:58:51] "HEAD /forum/ HTTP/1.1" 200 0
[18/Apr/2025 10:58:51] "GET /forum/ HTTP/1.1" 200 26445
[18/Apr/2025 10:58:51] "HEAD /accounts/members/ HTTP/1.1" 200 0
[18/Apr/2025 10:58:51] "GET /accounts/members/ HTTP/1.1" 200 33756
[18/Apr/2025 10:58:51] "HEAD /accounts/login/ HTTP/1.1" 200 0
[18/Apr/2025 10:58:51] "GET /accounts/login/ HTTP/1.1" 200 25441
[18/Apr/2025 10:58:51] "HEAD /accounts/signup-request/ HTTP/1.1" 200 0
[18/Apr/2025 10:58:51] "GET /accounts/signup-request/ HTTP/1.1" 200 27097
[18/Apr/2025 10:58:51] "HEAD /static/img/Jerem.png HTTP/1.1" 200 0
[18/Apr/2025 10:58:51] "HEAD /static/img/Eric.png HTTP/1.1" 200 0
[18/Apr/2025 10:58:51] "HEAD /events/36/ HTTP/1.1" 200 0
[18/Apr/2025 10:58:51] "GET /events/36/ HTTP/1.1" 200 35607
[18/Apr/2025 10:58:51] "HEAD /static/img/rasso.png HTTP/1.1" 200 0
[18/Apr/2025 10:58:51] "HEAD /events/37/ HTTP/1.1" 200 0
[18/Apr/2025 10:58:52] "GET /events/37/ HTTP/1.1" 200 35599
[18/Apr/2025 10:58:52] "HEAD /static/img/autre.png HTTP/1.1" 200 0
Not Found: /about/AMCFrance
[18/Apr/2025 10:58:52] "HEAD /about/AMCFrance HTTP/1.1" 404 0
[18/Apr/2025 10:58:52] "HEAD /accounts/profile/Jeremy-Pasquier/ HTTP/1.1" 302 0
[18/Apr/2025 10:58:52] "HEAD /accounts/login/?next=/accounts/profile/Jeremy-Pasquier/ HTTP/1.1" 200 0
[18/Apr/2025 10:58:52] "GET /accounts/login/?next=/accounts/profile/Jeremy-Pasquier/ HTTP/1.1" 200 25475
[18/Apr/2025 10:58:52] "HEAD /media/profile_images/default.png HTTP/1.1" 200 0
[18/Apr/2025 10:58:52] "HEAD /accounts/profile/Eric-Pasquier/ HTTP/1.1" 302 0
[18/Apr/2025 10:58:52] "HEAD /accounts/login/?next=/accounts/profile/Eric-Pasquier/ HTTP/1.1" 200 0
[18/Apr/2025 10:58:52] "GET /accounts/login/?next=/accounts/profile/Eric-Pasquier/ HTTP/1.1" 200 25473
[18/Apr/2025 10:58:52] "HEAD /media/profile_images/20250412_182916.jpg HTTP/1.1" 200 0
[18/Apr/2025 10:58:52] "HEAD /accounts/profile/JaysonPasquier/ HTTP/1.1" 302 0
[18/Apr/2025 10:58:52] "HEAD /accounts/login/?next=/accounts/profile/JaysonPasquier/ HTTP/1.1" 200 0
[18/Apr/2025 10:58:52] "GET /accounts/login/?next=/accounts/profile/JaysonPasquier/ HTTP/1.1" 200 25474
Internal Server Error: /accounts/password-reset/
Traceback (most recent call last):
  File "/var/www/vhosts/amc-f.com/httpdocs/amca-club/fresh_venv/lib/python3.12/site-packages/django/core/handlers/exception.py", line 55, in inner
    response = get_response(request)
               ^^^^^^^^^^^^^^^^^^^^^
  File "/var/www/vhosts/amc-f.com/httpdocs/amca-club/fresh_venv/lib/python3.12/site-packages/django/core/handlers/base.py", line 220, in _get_response
    response = response.render()
               ^^^^^^^^^^^^^^^^^
  File "/var/www/vhosts/amc-f.com/httpdocs/amca-club/fresh_venv/lib/python3.12/site-packages/django/template/response.py", line 114, in render
    self.content = self.rendered_content
                   ^^^^^^^^^^^^^^^^^^^^^
  File "/var/www/vhosts/amc-f.com/httpdocs/amca-club/fresh_venv/lib/python3.12/site-packages/django/template/response.py", line 90, in rendered_content
    template = self.resolve_template(self.template_name)
               ^^^^^^^^^^^^^^^^^^^^^^^^^^^^^^^^^^^^^^^^^
  File "/var/www/vhosts/amc-f.com/httpdocs/amca-club/fresh_venv/lib/python3.12/site-packages/django/template/response.py", line 72, in resolve_template
    return select_template(template, using=self.using)
           ^^^^^^^^^^^^^^^^^^^^^^^^^^^^^^^^^^^^^^^^^^^
  File "/var/www/vhosts/amc-f.com/httpdocs/amca-club/fresh_venv/lib/python3.12/site-packages/django/template/loader.py", line 47, in select_template
    raise TemplateDoesNotExist(", ".join(template_name_list), chain=chain)
django.template.exceptions.TemplateDoesNotExist: accounts/password_reset_form.html
[18/Apr/2025 10:58:52] "HEAD /accounts/password-reset/ HTTP/1.1" 500 0
Internal Server Error: /accounts/password-reset/
Traceback (most recent call last):
  File "/var/www/vhosts/amc-f.com/httpdocs/amca-club/fresh_venv/lib/python3.12/site-packages/django/core/handlers/exception.py", line 55, in inner
    response = get_response(request)
               ^^^^^^^^^^^^^^^^^^^^^
  File "/var/www/vhosts/amc-f.com/httpdocs/amca-club/fresh_venv/lib/python3.12/site-packages/django/core/handlers/base.py", line 220, in _get_response
    response = response.render()
               ^^^^^^^^^^^^^^^^^
  File "/var/www/vhosts/amc-f.com/httpdocs/amca-club/fresh_venv/lib/python3.12/site-packages/django/template/response.py", line 114, in render
    self.content = self.rendered_content
                   ^^^^^^^^^^^^^^^^^^^^^
  File "/var/www/vhosts/amc-f.com/httpdocs/amca-club/fresh_venv/lib/python3.12/site-packages/django/template/response.py", line 90, in rendered_content
    template = self.resolve_template(self.template_name)
               ^^^^^^^^^^^^^^^^^^^^^^^^^^^^^^^^^^^^^^^^^
  File "/var/www/vhosts/amc-f.com/httpdocs/amca-club/fresh_venv/lib/python3.12/site-packages/django/template/response.py", line 72, in resolve_template
    return select_template(template, using=self.using)
           ^^^^^^^^^^^^^^^^^^^^^^^^^^^^^^^^^^^^^^^^^^^
  File "/var/www/vhosts/amc-f.com/httpdocs/amca-club/fresh_venv/lib/python3.12/site-packages/django/template/loader.py", line 47, in select_template
    raise TemplateDoesNotExist(", ".join(template_name_list), chain=chain)
django.template.exceptions.TemplateDoesNotExist: accounts/password_reset_form.html
[18/Apr/2025 10:58:53] "GET /accounts/password-reset/ HTTP/1.1" 500 74934
[18/Apr/2025 10:58:53] "HEAD /accounts/login/?next=/events/36/ HTTP/1.1" 200 0
[18/Apr/2025 10:58:54] "GET /accounts/login/?next=/events/36/ HTTP/1.1" 200 25452
[18/Apr/2025 10:58:54] "HEAD /accounts/login/?next=/events/37/ HTTP/1.1" 200 0
[18/Apr/2025 10:58:54] "GET /accounts/login/?next=/events/37/ HTTP/1.1" 200 25452
[18/Apr/2025 10:58:58] "GET / HTTP/1.1" 200 28829
[18/Apr/2025 10:59:00] "GET / HTTP/1.1" 200 28829
[18/Apr/2025 10:59:05] "GET / HTTP/1.1" 200 28829
[18/Apr/2025 10:59:05] "GET / HTTP/1.1" 200 28829
Not Found: /robots.txt
[18/Apr/2025 10:59:10] "GET /robots.txt HTTP/1.1" 404 3369
[18/Apr/2025 10:59:11] "GET /static/img/logo.png HTTP/1.1" 200 407054
[18/Apr/2025 10:59:14] "GET /static/img/logo.png HTTP/1.1" 200 407054
[18/Apr/2025 10:59:15] "GET /about/ HTTP/1.1" 200 37531
[18/Apr/2025 11:00:15] "GET /about/ HTTP/1.1" 200 37531
[18/Apr/2025 11:01:11] "GET /about/ HTTP/1.1" 200 37531
[18/Apr/2025 11:01:17] "GET /events/ HTTP/1.1" 200 29809
[18/Apr/2025 11:01:17] "GET /events/ HTTP/1.1" 200 29809
[18/Apr/2025 11:01:20] "GET /forum/ HTTP/1.1" 200 26445
[18/Apr/2025 11:01:20] "GET /forum/ HTTP/1.1" 200 26445
[18/Apr/2025 11:01:21] "GET /accounts/members/ HTTP/1.1" 200 33756
[18/Apr/2025 11:01:30] "GET /accounts/members/ HTTP/1.1" 200 33756
[18/Apr/2025 11:01:32] "GET /accounts/login/ HTTP/1.1" 200 25441
[18/Apr/2025 11:01:34] "GET /accounts/login/ HTTP/1.1" 200 25441
[18/Apr/2025 11:01:44] "GET /accounts/signup-request/ HTTP/1.1" 200 27097
[18/Apr/2025 11:03:33] "GET / HTTP/1.1" 200 28829
[18/Apr/2025 11:04:05] "GET /accounts/signup-request/ HTTP/1.1" 200 27097
[18/Apr/2025 11:04:15] "GET /static/img/Jerem.png HTTP/1.1" 200 167198
[18/Apr/2025 11:04:22] "GET /static/img/Jerem.png HTTP/1.1" 200 167198
[18/Apr/2025 11:04:25] "GET /static/img/Eric.png HTTP/1.1" 200 171022
[18/Apr/2025 11:07:23] "GET /static/img/Eric.png HTTP/1.1" 200 171022
[18/Apr/2025 11:07:23] "GET /events/36/ HTTP/1.1" 200 35607
[18/Apr/2025 11:07:24] "GET /events/36/ HTTP/1.1" 200 35607
[18/Apr/2025 11:08:28] "GET /static/img/rasso.png HTTP/1.1" 200 7130
[18/Apr/2025 11:08:44] "GET /static/img/rasso.png HTTP/1.1" 200 7130
[18/Apr/2025 11:09:00] "GET /events/37/ HTTP/1.1" 200 35599
[18/Apr/2025 11:11:39] "GET /events/37/ HTTP/1.1" 200 35599
[18/Apr/2025 11:11:49] "GET /static/img/autre.png HTTP/1.1" 200 6558
[18/Apr/2025 11:12:41] "GET /accounts/members/ HTTP/1.1" 200 33756
[18/Apr/2025 11:12:41] "GET /static/img/logo.png HTTP/1.1" 304 0
[18/Apr/2025 11:12:41] "GET /static/css/style.css HTTP/1.1" 304 0
[18/Apr/2025 11:12:41] "GET /media/profile_images/default.png HTTP/1.1" 304 0
[18/Apr/2025 11:12:41] "GET /media/profile_images/20250412_182916.jpg HTTP/1.1" 304 0
[18/Apr/2025 11:12:41] "GET /static/img/favicon.ico HTTP/1.1" 200 226046
[18/Apr/2025 11:12:53] "GET / HTTP/1.1" 200 28829
[18/Apr/2025 11:12:53] "GET /static/img/Jerem.png HTTP/1.1" 200 167198
[18/Apr/2025 11:12:53] "GET /static/img/Eric.png HTTP/1.1" 200 171022
[18/Apr/2025 11:12:53] "GET /static/img/rasso.png HTTP/1.1" 200 7130
[18/Apr/2025 11:12:53] "GET /static/img/autre.png HTTP/1.1" 200 6558
[18/Apr/2025 11:13:12] "GET /about/ HTTP/1.1" 200 37531
